Archive member included to satisfy reference by file (symbol)

../Middlewares/ST/STM32_Audio/Addons/PDM/Lib/libPDMFilter_CM4_GCC_wc32.a(pdm_filter.o)
                              PDM2PCM/App/pdm2pcm.o (PDM_Filter_Init)
../Middlewares/ST/STM32_Audio/Addons/PDM/Lib/libPDMFilter_CM4_GCC_wc32.a(stm32_crc_lock.o)
                              ../Middlewares/ST/STM32_Audio/Addons/PDM/Lib/libPDMFilter_CM4_GCC_wc32.a(pdm_filter.o) (CRC_Lock)
/home/federica/st/stm32cubeide_1.6.1/plugins/com.st.stm32cube.ide.mcu.externaltools.gnu-tools-for-stm32.9-2020-q2-update.linux64_1.5.0.202011040924/tools/bin/../lib/gcc/arm-none-eabi/9.3.1/../../../../arm-none-eabi/lib/thumb/v7e-m+fp/hard/libc_nano.a(lib_a-errno.o)
                              Core/Src/syscalls.o (__errno)
/home/federica/st/stm32cubeide_1.6.1/plugins/com.st.stm32cube.ide.mcu.externaltools.gnu-tools-for-stm32.9-2020-q2-update.linux64_1.5.0.202011040924/tools/bin/../lib/gcc/arm-none-eabi/9.3.1/../../../../arm-none-eabi/lib/thumb/v7e-m+fp/hard/libc_nano.a(lib_a-exit.o)
                              /home/federica/st/stm32cubeide_1.6.1/plugins/com.st.stm32cube.ide.mcu.externaltools.gnu-tools-for-stm32.9-2020-q2-update.linux64_1.5.0.202011040924/tools/bin/../lib/gcc/arm-none-eabi/9.3.1/../../../../arm-none-eabi/lib/thumb/v7e-m+fp/hard/crt0.o (exit)
/home/federica/st/stm32cubeide_1.6.1/plugins/com.st.stm32cube.ide.mcu.externaltools.gnu-tools-for-stm32.9-2020-q2-update.linux64_1.5.0.202011040924/tools/bin/../lib/gcc/arm-none-eabi/9.3.1/../../../../arm-none-eabi/lib/thumb/v7e-m+fp/hard/libc_nano.a(lib_a-impure.o)
                              /home/federica/st/stm32cubeide_1.6.1/plugins/com.st.stm32cube.ide.mcu.externaltools.gnu-tools-for-stm32.9-2020-q2-update.linux64_1.5.0.202011040924/tools/bin/../lib/gcc/arm-none-eabi/9.3.1/../../../../arm-none-eabi/lib/thumb/v7e-m+fp/hard/libc_nano.a(lib_a-exit.o) (_global_impure_ptr)
/home/federica/st/stm32cubeide_1.6.1/plugins/com.st.stm32cube.ide.mcu.externaltools.gnu-tools-for-stm32.9-2020-q2-update.linux64_1.5.0.202011040924/tools/bin/../lib/gcc/arm-none-eabi/9.3.1/../../../../arm-none-eabi/lib/thumb/v7e-m+fp/hard/libc_nano.a(lib_a-init.o)
                              /home/federica/st/stm32cubeide_1.6.1/plugins/com.st.stm32cube.ide.mcu.externaltools.gnu-tools-for-stm32.9-2020-q2-update.linux64_1.5.0.202011040924/tools/bin/../lib/gcc/arm-none-eabi/9.3.1/../../../../arm-none-eabi/lib/thumb/v7e-m+fp/hard/crt0.o (__libc_init_array)
/home/federica/st/stm32cubeide_1.6.1/plugins/com.st.stm32cube.ide.mcu.externaltools.gnu-tools-for-stm32.9-2020-q2-update.linux64_1.5.0.202011040924/tools/bin/../lib/gcc/arm-none-eabi/9.3.1/../../../../arm-none-eabi/lib/thumb/v7e-m+fp/hard/libc_nano.a(lib_a-memset.o)
                              /home/federica/st/stm32cubeide_1.6.1/plugins/com.st.stm32cube.ide.mcu.externaltools.gnu-tools-for-stm32.9-2020-q2-update.linux64_1.5.0.202011040924/tools/bin/../lib/gcc/arm-none-eabi/9.3.1/../../../../arm-none-eabi/lib/thumb/v7e-m+fp/hard/crt0.o (memset)
/home/federica/st/stm32cubeide_1.6.1/plugins/com.st.stm32cube.ide.mcu.externaltools.gnu-tools-for-stm32.9-2020-q2-update.linux64_1.5.0.202011040924/tools/bin/../lib/gcc/arm-none-eabi/9.3.1/../../../../arm-none-eabi/lib/thumb/v7e-m+fp/hard/libm.a(lib_a-sf_round.o)
                              ../Middlewares/ST/STM32_Audio/Addons/PDM/Lib/libPDMFilter_CM4_GCC_wc32.a(pdm_filter.o) (roundf)
/home/federica/st/stm32cubeide_1.6.1/plugins/com.st.stm32cube.ide.mcu.externaltools.gnu-tools-for-stm32.9-2020-q2-update.linux64_1.5.0.202011040924/tools/bin/../lib/gcc/arm-none-eabi/9.3.1/../../../../arm-none-eabi/lib/thumb/v7e-m+fp/hard/libm.a(lib_a-wf_pow.o)
                              ../Middlewares/ST/STM32_Audio/Addons/PDM/Lib/libPDMFilter_CM4_GCC_wc32.a(pdm_filter.o) (powf)
/home/federica/st/stm32cubeide_1.6.1/plugins/com.st.stm32cube.ide.mcu.externaltools.gnu-tools-for-stm32.9-2020-q2-update.linux64_1.5.0.202011040924/tools/bin/../lib/gcc/arm-none-eabi/9.3.1/../../../../arm-none-eabi/lib/thumb/v7e-m+fp/hard/libm.a(lib_a-ef_pow.o)
                              /home/federica/st/stm32cubeide_1.6.1/plugins/com.st.stm32cube.ide.mcu.externaltools.gnu-tools-for-stm32.9-2020-q2-update.linux64_1.5.0.202011040924/tools/bin/../lib/gcc/arm-none-eabi/9.3.1/../../../../arm-none-eabi/lib/thumb/v7e-m+fp/hard/libm.a(lib_a-wf_pow.o) (__ieee754_powf)
/home/federica/st/stm32cubeide_1.6.1/plugins/com.st.stm32cube.ide.mcu.externaltools.gnu-tools-for-stm32.9-2020-q2-update.linux64_1.5.0.202011040924/tools/bin/../lib/gcc/arm-none-eabi/9.3.1/../../../../arm-none-eabi/lib/thumb/v7e-m+fp/hard/libm.a(lib_a-ef_sqrt.o)
                              /home/federica/st/stm32cubeide_1.6.1/plugins/com.st.stm32cube.ide.mcu.externaltools.gnu-tools-for-stm32.9-2020-q2-update.linux64_1.5.0.202011040924/tools/bin/../lib/gcc/arm-none-eabi/9.3.1/../../../../arm-none-eabi/lib/thumb/v7e-m+fp/hard/libm.a(lib_a-ef_pow.o) (__ieee754_sqrtf)
[...]
Memory Configuration

Name             Origin             Length             Attributes
CCMRAM           0x0000000010000000 0x0000000000010000 xrw
RAM              0x0000000020000000 0x0000000000020000 xrw
FLASH            0x0000000008000000 0x0000000000100000 xr
*default*        0x0000000000000000 0xffffffffffffffff

Linker script and memory map

LOAD /home/federica/st/stm32cubeide_1.6.1/plugins/com.st.stm32cube.ide.mcu.externaltools.gnu-tools-for-stm32.9-2020-q2-update.linux64_1.5.0.202011040924/tools/bin/../lib/gcc/arm-none-eabi/9.3.1/thumb/v7e-m+fp/hard/crti.o
LOAD /home/federica/st/stm32cubeide_1.6.1/plugins/com.st.stm32cube.ide.mcu.externaltools.gnu-tools-for-stm32.9-2020-q2-update.linux64_1.5.0.202011040924/tools/bin/../lib/gcc/arm-none-eabi/9.3.1/thumb/v7e-m+fp/hard/crtbegin.o
LOAD /home/federica/st/stm32cubeide_1.6.1/plugins/com.st.stm32cube.ide.mcu.externaltools.gnu-tools-for-stm32.9-2020-q2-update.linux64_1.5.0.202011040924/tools/bin/../lib/gcc/arm-none-eabi/9.3.1/../../../../arm-none-eabi/lib/thumb/v7e-m+fp/hard/crt0.o
LOAD Core/Src/main.o
LOAD Core/Src/mic_handler.o
LOAD Core/Src/stm32f4xx_hal_msp.o
LOAD Core/Src/stm32f4xx_it.o
LOAD Core/Src/syscalls.o
LOAD Core/Src/sysmem.o
LOAD Core/Src/system_stm32f4xx.o
LOAD Core/Startup/startup_stm32f407vgtx.o
LOAD Drivers/STM32F4xx_HAL_Driver/Src/stm32f4xx_hal.o
LOAD Drivers/STM32F4xx_HAL_Driver/Src/stm32f4xx_hal_cortex.o
LOAD Drivers/STM32F4xx_HAL_Driver/Src/stm32f4xx_hal_crc.o
LOAD Drivers/STM32F4xx_HAL_Driver/Src/stm32f4xx_hal_dma.o
LOAD Drivers/STM32F4xx_HAL_Driver/Src/stm32f4xx_hal_dma_ex.o
LOAD Drivers/STM32F4xx_HAL_Driver/Src/stm32f4xx_hal_exti.o
LOAD Drivers/STM32F4xx_HAL_Driver/Src/stm32f4xx_hal_flash.o
LOAD Drivers/STM32F4xx_HAL_Driver/Src/stm32f4xx_hal_flash_ex.o
LOAD Drivers/STM32F4xx_HAL_Driver/Src/stm32f4xx_hal_flash_ramfunc.o
LOAD Drivers/STM32F4xx_HAL_Driver/Src/stm32f4xx_hal_gpio.o
LOAD Drivers/STM32F4xx_HAL_Driver/Src/stm32f4xx_hal_i2s.o
LOAD Drivers/STM32F4xx_HAL_Driver/Src/stm32f4xx_hal_i2s_ex.o
LOAD Drivers/STM32F4xx_HAL_Driver/Src/stm32f4xx_hal_pwr.o
LOAD Drivers/STM32F4xx_HAL_Driver/Src/stm32f4xx_hal_pwr_ex.o
LOAD Drivers/STM32F4xx_HAL_Driver/Src/stm32f4xx_hal_rcc.o
LOAD Drivers/STM32F4xx_HAL_Driver/Src/stm32f4xx_hal_rcc_ex.o
LOAD Drivers/STM32F4xx_HAL_Driver/Src/stm32f4xx_hal_tim.o
LOAD Drivers/STM32F4xx_HAL_Driver/Src/stm32f4xx_hal_tim_ex.o
LOAD PDM2PCM/App/pdm2pcm.o
LOAD ../Middlewares/ST/STM32_Audio/Addons/PDM/Lib/libPDMFilter_CM4_GCC_wc32.a
START GROUP
LOAD ../Middlewares/ST/STM32_Audio/Addons/PDM/Lib/libPDMFilter_CM4_GCC_wc32.a
END GROUP
START GROUP
LOAD /home/federica/st/stm32cubeide_1.6.1/plugins/com.st.stm32cube.ide.mcu.externaltools.gnu-tools-for-stm32.9-2020-q2-update.linux64_1.5.0.202011040924/tools/bin/../lib/gcc/arm-none-eabi/9.3.1/../../../../arm-none-eabi/lib/thumb/v7e-m+fp/hard/libc_nano.a
LOAD /home/federica/st/stm32cubeide_1.6.1/plugins/com.st.stm32cube.ide.mcu.externaltools.gnu-tools-for-stm32.9-2020-q2-update.linux64_1.5.0.202011040924/tools/bin/../lib/gcc/arm-none-eabi/9.3.1/../../../../arm-none-eabi/lib/thumb/v7e-m+fp/hard/libm.a
END GROUP
START GROUP
LOAD /home/federica/st/stm32cubeide_1.6.1/plugins/com.st.stm32cube.ide.mcu.externaltools.gnu-tools-for-stm32.9-2020-q2-update.linux64_1.5.0.202011040924/tools/bin/../lib/gcc/arm-none-eabi/9.3.1/thumb/v7e-m+fp/hard/libgcc.a
LOAD /home/federica/st/stm32cubeide_1.6.1/plugins/com.st.stm32cube.ide.mcu.externaltools.gnu-tools-for-stm32.9-2020-q2-update.linux64_1.5.0.202011040924/tools/bin/../lib/gcc/arm-none-eabi/9.3.1/../../../../arm-none-eabi/lib/thumb/v7e-m+fp/hard/libc_nano.a
END GROUP
START GROUP
LOAD /home/federica/st/stm32cubeide_1.6.1/plugins/com.st.stm32cube.ide.mcu.externaltools.gnu-tools-for-stm32.9-2020-q2-update.linux64_1.5.0.202011040924/tools/bin/../lib/gcc/arm-none-eabi/9.3.1/thumb/v7e-m+fp/hard/libgcc.a
LOAD /home/federica/st/stm32cubeide_1.6.1/plugins/com.st.stm32cube.ide.mcu.externaltools.gnu-tools-for-stm32.9-2020-q2-update.linux64_1.5.0.202011040924/tools/bin/../lib/gcc/arm-none-eabi/9.3.1/../../../../arm-none-eabi/lib/thumb/v7e-m+fp/hard/libc_nano.a
LOAD /home/federica/st/stm32cubeide_1.6.1/plugins/com.st.stm32cube.ide.mcu.externaltools.gnu-tools-for-stm32.9-2020-q2-update.linux64_1.5.0.202011040924/tools/bin/../lib/gcc/arm-none-eabi/9.3.1/../../../../arm-none-eabi/lib/thumb/v7e-m+fp/hard/libnosys.a
END GROUP
START GROUP
LOAD /home/federica/st/stm32cubeide_1.6.1/plugins/com.st.stm32cube.ide.mcu.externaltools.gnu-tools-for-stm32.9-2020-q2-update.linux64_1.5.0.202011040924/tools/bin/../lib/gcc/arm-none-eabi/9.3.1/thumb/v7e-m+fp/hard/libgcc.a
LOAD /home/federica/st/stm32cubeide_1.6.1/plugins/com.st.stm32cube.ide.mcu.externaltools.gnu-tools-for-stm32.9-2020-q2-update.linux64_1.5.0.202011040924/tools/bin/../lib/gcc/arm-none-eabi/9.3.1/../../../../arm-none-eabi/lib/thumb/v7e-m+fp/hard/libc_nano.a
LOAD /home/federica/st/stm32cubeide_1.6.1/plugins/com.st.stm32cube.ide.mcu.externaltools.gnu-tools-for-stm32.9-2020-q2-update.linux64_1.5.0.202011040924/tools/bin/../lib/gcc/arm-none-eabi/9.3.1/../../../../arm-none-eabi/lib/thumb/v7e-m+fp/hard/libnosys.a
END GROUP
LOAD /home/federica/st/stm32cubeide_1.6.1/plugins/com.st.stm32cube.ide.mcu.externaltools.gnu-tools-for-stm32.9-2020-q2-update.linux64_1.5.0.202011040924/tools/bin/../lib/gcc/arm-none-eabi/9.3.1/thumb/v7e-m+fp/hard/crtend.o
LOAD /home/federica/st/stm32cubeide_1.6.1/plugins/com.st.stm32cube.ide.mcu.externaltools.gnu-tools-for-stm32.9-2020-q2-update.linux64_1.5.0.202011040924/tools/bin/../lib/gcc/arm-none-eabi/9.3.1/thumb/v7e-m+fp/hard/crtn.o
                0x0000000020020000                _estack = (ORIGIN (RAM) + LENGTH (RAM))
                0x0000000000000200                _Min_Heap_Size = 0x200
                0x0000000000000400                _Min_Stack_Size = 0x400

.isr_vector     0x0000000008000000      0x188
                0x0000000008000000                . = ALIGN (0x4)
 *(.isr_vector)
 .isr_vector    0x0000000008000000      0x188 Core/Startup/startup_stm32f407vgtx.o
                0x0000000008000000                g_pfnVectors
                0x0000000008000188                . = ALIGN (0x4)

.text           0x0000000008000188     0x5b10
                0x0000000008000188                . = ALIGN (0x4)
 *(.text)
 .text          0x0000000008000188       0x40 /home/federica/st/stm32cubeide_1.6.1/plugins/com.st.stm32cube.ide.mcu.externaltools.gnu-tools-for-stm32.9-2020-q2-update.linux64_1.5.0.202011040924/tools/bin/../lib/gcc/arm-none-eabi/9.3.1/thumb/v7e-m+fp/hard/crtbegin.o
 .text          0x00000000080001c8       0x30 /home/federica/st/stm32cubeide_1.6.1/plugins/com.st.stm32cube.ide.mcu.externaltools.gnu-tools-for-stm32.9-2020-q2-update.linux64_1.5.0.202011040924/tools/bin/../lib/gcc/arm-none-eabi/9.3.1/thumb/v7e-m+fp/hard/libgcc.a(_aeabi_uldivmod.o)
                0x00000000080001c8                __aeabi_uldivmod
 .text          0x00000000080001f8      0x2c4 /home/federica/st/stm32cubeide_1.6.1/plugins/com.st.stm32cube.ide.mcu.externaltools.gnu-tools-for-stm32.9-2020-q2-update.linux64_1.5.0.202011040924/tools/bin/../lib/gcc/arm-none-eabi/9.3.1/thumb/v7e-m+fp/hard/libgcc.a(_udivmoddi4.o)
                0x00000000080001f8                __udivmoddi4
 .text          0x00000000080004bc        0x4 /home/federica/st/stm32cubeide_1.6.1/plugins/com.st.stm32cube.ide.mcu.externaltools.gnu-tools-for-stm32.9-2020-q2-update.linux64_1.5.0.202011040924/tools/bin/../lib/gcc/arm-none-eabi/9.3.1/thumb/v7e-m+fp/hard/libgcc.a(_dvmd_tls.o)
                0x00000000080004bc                __aeabi_ldiv0
                0x00000000080004bc                __aeabi_idiv0
 *(.text*)
 .text.main     0x00000000080004c0       0x9c Core/Src/main.o
                0x00000000080004c0                main
 .text.SystemClock_Config
                0x000000000800055c      0x108 Core/Src/main.o
                0x000000000800055c                SystemClock_Config
 .text.MX_CRC_Init
                0x0000000008000664       0x38 Core/Src/main.o
 .text.MX_I2S2_Init
                0x000000000800069c       0x5c Core/Src/main.o
 .text.MX_DMA_Init
                0x00000000080006f8       0x40 Core/Src/main.o
 .text.MX_GPIO_Init
                0x0000000008000738       0xa4 Core/Src/main.o
 .text.Error_Handler
                0x00000000080007dc        0xa Core/Src/main.o
                0x00000000080007dc                Error_Handler
 *fill*         0x00000000080007e6        0x2 
 .text.mic_init
                0x00000000080007e8       0x20 Core/Src/mic_handler.o
                0x00000000080007e8                mic_init
 .text.mic_start_recording
                0x0000000008000808       0x44 Core/Src/mic_handler.o
                0x0000000008000808                mic_start_recording
 .text.mic_stop_recording
                0x000000000800084c       0x18 Core/Src/mic_handler.o
                0x000000000800084c                mic_stop_recording
 .text.mic_monitor
                0x0000000008000864       0x28 Core/Src/mic_handler.o
                0x0000000008000864                mic_monitor
 .text.convert_audio_to_pcm
                0x000000000800088c       0x38 Core/Src/mic_handler.o
 .text.HAL_I2S_RxHalfCpltCallback
                0x00000000080008c4       0x3c Core/Src/mic_handler.o
                0x00000000080008c4                HAL_I2S_RxHalfCpltCallback
 .text.HAL_I2S_RxCpltCallback
                0x0000000008000900       0x3c Core/Src/mic_handler.o
                0x0000000008000900                HAL_I2S_RxCpltCallback
 .text.HAL_MspInit
                0x000000000800093c       0x50 Core/Src/stm32f4xx_hal_msp.o
                0x000000000800093c                HAL_MspInit
 .text.HAL_CRC_MspInit
                0x000000000800098c       0x44 Core/Src/stm32f4xx_hal_msp.o
                0x000000000800098c                HAL_CRC_MspInit
 .text.HAL_I2S_MspInit
                0x00000000080009d0      0x13c Core/Src/stm32f4xx_hal_msp.o
                0x00000000080009d0                HAL_I2S_MspInit
 .text.NMI_Handler
                0x0000000008000b0c        0x6 Core/Src/stm32f4xx_it.o
                0x0000000008000b0c                NMI_Handler
 .text.HardFault_Handler
                0x0000000008000b12        0x6 Core/Src/stm32f4xx_it.o
                0x0000000008000b12                HardFault_Handler
 .text.MemManage_Handler
                0x0000000008000b18        0x6 Core/Src/stm32f4xx_it.o
                0x0000000008000b18                MemManage_Handler
 .text.BusFault_Handler
                0x0000000008000b1e        0x6 Core/Src/stm32f4xx_it.o
                0x0000000008000b1e                BusFault_Handler
 .text.UsageFault_Handler
                0x0000000008000b24        0x6 Core/Src/stm32f4xx_it.o
                0x0000000008000b24                UsageFault_Handler
 .text.SVC_Handler
                0x0000000008000b2a        0xe Core/Src/stm32f4xx_it.o
                0x0000000008000b2a                SVC_Handler
 .text.DebugMon_Handler
                0x0000000008000b38        0xe Core/Src/stm32f4xx_it.o
                0x0000000008000b38                DebugMon_Handler
 .text.PendSV_Handler
                0x0000000008000b46        0xe Core/Src/stm32f4xx_it.o
                0x0000000008000b46                PendSV_Handler
 .text.SysTick_Handler
                0x0000000008000b54        0xc Core/Src/stm32f4xx_it.o
                0x0000000008000b54                SysTick_Handler
 .text.DMA1_Stream3_IRQHandler
                0x0000000008000b60       0x14 Core/Src/stm32f4xx_it.o
                0x0000000008000b60                DMA1_Stream3_IRQHandler
 .text.SystemInit
                0x0000000008000b74       0x24 Core/Src/system_stm32f4xx.o
                0x0000000008000b74                SystemInit
 .text.Reset_Handler
                0x0000000008000b98       0x50 Core/Startup/startup_stm32f407vgtx.o
                0x0000000008000b98                Reset_Handler
 .text.Default_Handler
                0x0000000008000be8        0x2 Core/Startup/startup_stm32f407vgtx.o
                0x0000000008000be8                RTC_Alarm_IRQHandler
                0x0000000008000be8                HASH_RNG_IRQHandler
                0x0000000008000be8                EXTI2_IRQHandler
                0x0000000008000be8                TIM8_CC_IRQHandler
                0x0000000008000be8                TIM1_CC_IRQHandler
                0x0000000008000be8                DMA2_Stream5_IRQHandler
                0x0000000008000be8                DMA1_Stream5_IRQHandler
                0x0000000008000be8                PVD_IRQHandler
                0x0000000008000be8                SDIO_IRQHandler
                0x0000000008000be8                TAMP_STAMP_IRQHandler
                0x0000000008000be8                CAN2_RX1_IRQHandler
                0x0000000008000be8                EXTI3_IRQHandler
                0x0000000008000be8                TIM8_TRG_COM_TIM14_IRQHandler
                0x0000000008000be8                TIM1_UP_TIM10_IRQHandler
                0x0000000008000be8                TIM8_UP_TIM13_IRQHandler
                0x0000000008000be8                I2C3_ER_IRQHandler
                0x0000000008000be8                EXTI0_IRQHandler
                0x0000000008000be8                I2C2_EV_IRQHandler
                0x0000000008000be8                DMA1_Stream2_IRQHandler
                0x0000000008000be8                CAN1_RX0_IRQHandler
                0x0000000008000be8                FPU_IRQHandler
                0x0000000008000be8                OTG_HS_WKUP_IRQHandler
                0x0000000008000be8                CAN2_SCE_IRQHandler
                0x0000000008000be8                DMA2_Stream2_IRQHandler
                0x0000000008000be8                SPI1_IRQHandler
                0x0000000008000be8                TIM6_DAC_IRQHandler
                0x0000000008000be8                TIM1_BRK_TIM9_IRQHandler
                0x0000000008000be8                DCMI_IRQHandler
                0x0000000008000be8                CAN2_RX0_IRQHandler
                0x0000000008000be8                DMA2_Stream3_IRQHandler
                0x0000000008000be8                USART6_IRQHandler
                0x0000000008000be8                USART3_IRQHandler
                0x0000000008000be8                CAN1_RX1_IRQHandler
                0x0000000008000be8                UART5_IRQHandler
                0x0000000008000be8                DMA2_Stream0_IRQHandler
                0x0000000008000be8                TIM4_IRQHandler
                0x0000000008000be8                I2C1_EV_IRQHandler
                0x0000000008000be8                DMA1_Stream6_IRQHandler
                0x0000000008000be8                DMA1_Stream1_IRQHandler
                0x0000000008000be8                UART4_IRQHandler
                0x0000000008000be8                TIM3_IRQHandler
                0x0000000008000be8                RCC_IRQHandler
                0x0000000008000be8                TIM8_BRK_TIM12_IRQHandler
                0x0000000008000be8                Default_Handler
                0x0000000008000be8                EXTI15_10_IRQHandler
                0x0000000008000be8                ADC_IRQHandler
                0x0000000008000be8                DMA1_Stream7_IRQHandler
                0x0000000008000be8                TIM7_IRQHandler
                0x0000000008000be8                CAN2_TX_IRQHandler
                0x0000000008000be8                TIM5_IRQHandler
                0x0000000008000be8                DMA2_Stream7_IRQHandler
                0x0000000008000be8                I2C3_EV_IRQHandler
                0x0000000008000be8                EXTI9_5_IRQHandler
                0x0000000008000be8                RTC_WKUP_IRQHandler
                0x0000000008000be8                ETH_WKUP_IRQHandler
                0x0000000008000be8                SPI2_IRQHandler
                0x0000000008000be8                OTG_HS_EP1_IN_IRQHandler
                0x0000000008000be8                DMA1_Stream0_IRQHandler
                0x0000000008000be8                CAN1_TX_IRQHandler
                0x0000000008000be8                EXTI4_IRQHandler
                0x0000000008000be8                FSMC_IRQHandler
                0x0000000008000be8                ETH_IRQHandler
                0x0000000008000be8                OTG_HS_EP1_OUT_IRQHandler
                0x0000000008000be8                WWDG_IRQHandler
                0x0000000008000be8                TIM2_IRQHandler
                0x0000000008000be8                OTG_FS_WKUP_IRQHandler
                0x0000000008000be8                TIM1_TRG_COM_TIM11_IRQHandler
                0x0000000008000be8                OTG_HS_IRQHandler
                0x0000000008000be8                EXTI1_IRQHandler
                0x0000000008000be8                USART2_IRQHandler
                0x0000000008000be8                I2C2_ER_IRQHandler
                0x0000000008000be8                DMA2_Stream1_IRQHandler
                0x0000000008000be8                CAN1_SCE_IRQHandler
                0x0000000008000be8                FLASH_IRQHandler
                0x0000000008000be8                DMA2_Stream4_IRQHandler
                0x0000000008000be8                USART1_IRQHandler
                0x0000000008000be8                OTG_FS_IRQHandler
                0x0000000008000be8                SPI3_IRQHandler
                0x0000000008000be8                DMA1_Stream4_IRQHandler
                0x0000000008000be8                I2C1_ER_IRQHandler
                0x0000000008000be8                DMA2_Stream6_IRQHandler
 *fill*         0x0000000008000bea        0x2 
 .text.HAL_Init
                0x0000000008000bec       0x44 Drivers/STM32F4xx_HAL_Driver/Src/stm32f4xx_hal.o
                0x0000000008000bec                HAL_Init
 .text.HAL_InitTick
                0x0000000008000c30       0x60 Drivers/STM32F4xx_HAL_Driver/Src/stm32f4xx_hal.o
                0x0000000008000c30                HAL_InitTick
 .text.HAL_IncTick
                0x0000000008000c90       0x28 Drivers/STM32F4xx_HAL_Driver/Src/stm32f4xx_hal.o
                0x0000000008000c90                HAL_IncTick
 .text.HAL_GetTick
                0x0000000008000cb8       0x18 Drivers/STM32F4xx_HAL_Driver/Src/stm32f4xx_hal.o
                0x0000000008000cb8                HAL_GetTick
 .text.__NVIC_SetPriorityGrouping
                0x0000000008000cd0       0x48 Drivers/STM32F4xx_HAL_Driver/Src/stm32f4xx_hal_cortex.o
 .text.__NVIC_GetPriorityGrouping
                0x0000000008000d18       0x1c Drivers/STM32F4xx_HAL_Driver/Src/stm32f4xx_hal_cortex.o
 .text.__NVIC_EnableIRQ
                0x0000000008000d34       0x3c Drivers/STM32F4xx_HAL_Driver/Src/stm32f4xx_hal_cortex.o
 .text.__NVIC_SetPriority
                0x0000000008000d70       0x54 Drivers/STM32F4xx_HAL_Driver/Src/stm32f4xx_hal_cortex.o
 .text.NVIC_EncodePriority
                0x0000000008000dc4       0x66 Drivers/STM32F4xx_HAL_Driver/Src/stm32f4xx_hal_cortex.o
 *fill*         0x0000000008000e2a        0x2 
 .text.SysTick_Config
                0x0000000008000e2c       0x44 Drivers/STM32F4xx_HAL_Driver/Src/stm32f4xx_hal_cortex.o
 .text.HAL_NVIC_SetPriorityGrouping
                0x0000000008000e70       0x16 Drivers/STM32F4xx_HAL_Driver/Src/stm32f4xx_hal_cortex.o
                0x0000000008000e70                HAL_NVIC_SetPriorityGrouping
 .text.HAL_NVIC_SetPriority
                0x0000000008000e86       0x38 Drivers/STM32F4xx_HAL_Driver/Src/stm32f4xx_hal_cortex.o
                0x0000000008000e86                HAL_NVIC_SetPriority
 .text.HAL_NVIC_EnableIRQ
                0x0000000008000ebe       0x1c Drivers/STM32F4xx_HAL_Driver/Src/stm32f4xx_hal_cortex.o
                0x0000000008000ebe                HAL_NVIC_EnableIRQ
 .text.HAL_SYSTICK_Config
                0x0000000008000eda       0x18 Drivers/STM32F4xx_HAL_Driver/Src/stm32f4xx_hal_cortex.o
                0x0000000008000eda                HAL_SYSTICK_Config
 .text.HAL_CRC_Init
                0x0000000008000ef2       0x38 Drivers/STM32F4xx_HAL_Driver/Src/stm32f4xx_hal_crc.o
                0x0000000008000ef2                HAL_CRC_Init
 *fill*         0x0000000008000f2a        0x2 
 .text.HAL_DMA_Init
                0x0000000008000f2c      0x15c Drivers/STM32F4xx_HAL_Driver/Src/stm32f4xx_hal_dma.o
                0x0000000008000f2c                HAL_DMA_Init
 .text.HAL_DMA_Start_IT
                0x0000000008001088       0xb0 Drivers/STM32F4xx_HAL_Driver/Src/stm32f4xx_hal_dma.o
                0x0000000008001088                HAL_DMA_Start_IT
 .text.HAL_DMA_Abort
                0x0000000008001138       0xe0 Drivers/STM32F4xx_HAL_Driver/Src/stm32f4xx_hal_dma.o
                0x0000000008001138                HAL_DMA_Abort
 .text.HAL_DMA_IRQHandler
                0x0000000008001218      0x314 Drivers/STM32F4xx_HAL_Driver/Src/stm32f4xx_hal_dma.o
                0x0000000008001218                HAL_DMA_IRQHandler
 .text.DMA_SetConfig
                0x000000000800152c       0x5c Drivers/STM32F4xx_HAL_Driver/Src/stm32f4xx_hal_dma.o
 .text.DMA_CalcBaseAndBitshift
                0x0000000008001588       0x6c Drivers/STM32F4xx_HAL_Driver/Src/stm32f4xx_hal_dma.o
 .text.DMA_CheckFifoParam
                0x00000000080015f4       0xf8 Drivers/STM32F4xx_HAL_Driver/Src/stm32f4xx_hal_dma.o
 .text.HAL_GPIO_Init
                0x00000000080016ec      0x338 Drivers/STM32F4xx_HAL_Driver/Src/stm32f4xx_hal_gpio.o
                0x00000000080016ec                HAL_GPIO_Init
 .text.HAL_GPIO_WritePin
                0x0000000008001a24       0x32 Drivers/STM32F4xx_HAL_Driver/Src/stm32f4xx_hal_gpio.o
                0x0000000008001a24                HAL_GPIO_WritePin
 .text.HAL_GPIO_TogglePin
                0x0000000008001a56       0x34 Drivers/STM32F4xx_HAL_Driver/Src/stm32f4xx_hal_gpio.o
                0x0000000008001a56                HAL_GPIO_TogglePin
 *fill*         0x0000000008001a8a        0x2 
 .text.HAL_I2S_Init
                0x0000000008001a8c      0x280 Drivers/STM32F4xx_HAL_Driver/Src/stm32f4xx_hal_i2s.o
                0x0000000008001a8c                HAL_I2S_Init
 .text.HAL_I2S_Receive_DMA
                0x0000000008001d0c      0x178 Drivers/STM32F4xx_HAL_Driver/Src/stm32f4xx_hal_i2s.o
                0x0000000008001d0c                HAL_I2S_Receive_DMA
 .text.HAL_I2S_DMAStop
                0x0000000008001e84      0x3b4 Drivers/STM32F4xx_HAL_Driver/Src/stm32f4xx_hal_i2s.o
                0x0000000008001e84                HAL_I2S_DMAStop
 .text.HAL_I2S_TxCpltCallback
                0x0000000008002238       0x14 Drivers/STM32F4xx_HAL_Driver/Src/stm32f4xx_hal_i2s.o
                0x0000000008002238                HAL_I2S_TxCpltCallback
 .text.HAL_I2S_ErrorCallback
                0x000000000800224c       0x14 Drivers/STM32F4xx_HAL_Driver/Src/stm32f4xx_hal_i2s.o
                0x000000000800224c                HAL_I2S_ErrorCallback
 .text.I2S_DMARxCplt
                0x0000000008002260       0x42 Drivers/STM32F4xx_HAL_Driver/Src/stm32f4xx_hal_i2s.o
 .text.I2S_DMARxHalfCplt
                0x00000000080022a2       0x1c Drivers/STM32F4xx_HAL_Driver/Src/stm32f4xx_hal_i2s.o
 .text.I2S_DMAError
                0x00000000080022be       0x4c Drivers/STM32F4xx_HAL_Driver/Src/stm32f4xx_hal_i2s.o
 .text.I2S_Transmit_IT
                0x000000000800230a       0x5c Drivers/STM32F4xx_HAL_Driver/Src/stm32f4xx_hal_i2s.o
 .text.I2S_Receive_IT
                0x0000000008002366       0x5e Drivers/STM32F4xx_HAL_Driver/Src/stm32f4xx_hal_i2s.o
 .text.I2S_IRQHandler
                0x00000000080023c4      0x114 Drivers/STM32F4xx_HAL_Driver/Src/stm32f4xx_hal_i2s.o
 .text.I2S_WaitFlagStateUntilTimeout
                0x00000000080024d8       0x72 Drivers/STM32F4xx_HAL_Driver/Src/stm32f4xx_hal_i2s.o
 *fill*         0x000000000800254a        0x2 
 .text.HAL_I2SEx_FullDuplex_IRQHandler
                0x000000000800254c      0x2a8 Drivers/STM32F4xx_HAL_Driver/Src/stm32f4xx_hal_i2s_ex.o
                0x000000000800254c                HAL_I2SEx_FullDuplex_IRQHandler
 .text.HAL_I2SEx_TxRxCpltCallback
                0x00000000080027f4       0x14 Drivers/STM32F4xx_HAL_Driver/Src/stm32f4xx_hal_i2s_ex.o
                0x00000000080027f4                HAL_I2SEx_TxRxCpltCallback
 .text.I2SEx_TxISR_I2S
                0x0000000008002808       0x62 Drivers/STM32F4xx_HAL_Driver/Src/stm32f4xx_hal_i2s_ex.o
 *fill*         0x000000000800286a        0x2 
 .text.I2SEx_TxISR_I2SExt
                0x000000000800286c       0x98 Drivers/STM32F4xx_HAL_Driver/Src/stm32f4xx_hal_i2s_ex.o
 .text.I2SEx_RxISR_I2S
                0x0000000008002904       0x64 Drivers/STM32F4xx_HAL_Driver/Src/stm32f4xx_hal_i2s_ex.o
 .text.I2SEx_RxISR_I2SExt
                0x0000000008002968       0x98 Drivers/STM32F4xx_HAL_Driver/Src/stm32f4xx_hal_i2s_ex.o
 .text.HAL_RCC_OscConfig
                0x0000000008002a00      0x4f0 Drivers/STM32F4xx_HAL_Driver/Src/stm32f4xx_hal_rcc.o
                0x0000000008002a00                HAL_RCC_OscConfig
 .text.HAL_RCC_ClockConfig
                0x0000000008002ef0      0x1cc Drivers/STM32F4xx_HAL_Driver/Src/stm32f4xx_hal_rcc.o
                0x0000000008002ef0                HAL_RCC_ClockConfig
 .text.HAL_RCC_GetSysClockFreq
                0x00000000080030bc      0x16c Drivers/STM32F4xx_HAL_Driver/Src/stm32f4xx_hal_rcc.o
                0x00000000080030bc                HAL_RCC_GetSysClockFreq
 .text.HAL_RCCEx_PeriphCLKConfig
                0x0000000008003228      0x1c4 Drivers/STM32F4xx_HAL_Driver/Src/stm32f4xx_hal_rcc_ex.o
                0x0000000008003228                HAL_RCCEx_PeriphCLKConfig
 .text.HAL_RCCEx_GetPeriphCLKFreq
                0x00000000080033ec       0xbc Drivers/STM32F4xx_HAL_Driver/Src/stm32f4xx_hal_rcc_ex.o
                0x00000000080033ec                HAL_RCCEx_GetPeriphCLKFreq
 .text.MX_PDM2PCM_Init
                0x00000000080034a8       0x54 PDM2PCM/App/pdm2pcm.o
                0x00000000080034a8                MX_PDM2PCM_Init
 .text.D16_GENERIC
                0x00000000080034fc      0x120 ../Middlewares/ST/STM32_Audio/Addons/PDM/Lib/libPDMFilter_CM4_GCC_wc32.a(pdm_filter.o)
 .text.D24_GENERIC
                0x000000000800361c      0x190 ../Middlewares/ST/STM32_Audio/Addons/PDM/Lib/libPDMFilter_CM4_GCC_wc32.a(pdm_filter.o)
 .text.D32_GENERIC
                0x00000000080037ac      0x198 ../Middlewares/ST/STM32_Audio/Addons/PDM/Lib/libPDMFilter_CM4_GCC_wc32.a(pdm_filter.o)
 .text.D48_GENERIC
                0x0000000008003944      0x1ec ../Middlewares/ST/STM32_Audio/Addons/PDM/Lib/libPDMFilter_CM4_GCC_wc32.a(pdm_filter.o)
 .text.D64_GENERIC
                0x0000000008003b30      0x220 ../Middlewares/ST/STM32_Audio/Addons/PDM/Lib/libPDMFilter_CM4_GCC_wc32.a(pdm_filter.o)
 .text.D80_GENERIC
                0x0000000008003d50      0x2a0 ../Middlewares/ST/STM32_Audio/Addons/PDM/Lib/libPDMFilter_CM4_GCC_wc32.a(pdm_filter.o)
 .text.D128_GENERIC
                0x0000000008003ff0      0x3f0 ../Middlewares/ST/STM32_Audio/Addons/PDM/Lib/libPDMFilter_CM4_GCC_wc32.a(pdm_filter.o)
 .text.D16_1CH_HTONS_VOL_HP
                0x00000000080043e0       0xe4 ../Middlewares/ST/STM32_Audio/Addons/PDM/Lib/libPDMFilter_CM4_GCC_wc32.a(pdm_filter.o)
 .text.D24_1CH_HTONS_VOL_HP
                0x00000000080044c4      0x138 ../Middlewares/ST/STM32_Audio/Addons/PDM/Lib/libPDMFilter_CM4_GCC_wc32.a(pdm_filter.o)
 .text.D32_1CH_HTONS_VOL_HP
                0x00000000080045fc      0x144 ../Middlewares/ST/STM32_Audio/Addons/PDM/Lib/libPDMFilter_CM4_GCC_wc32.a(pdm_filter.o)
 .text.D48_1CH_HTONS_VOL_HP
                0x0000000008004740      0x16c ../Middlewares/ST/STM32_Audio/Addons/PDM/Lib/libPDMFilter_CM4_GCC_wc32.a(pdm_filter.o)
 .text.D64_1CH_HTONS_VOL_HP
                0x00000000080048ac      0x1b8 ../Middlewares/ST/STM32_Audio/Addons/PDM/Lib/libPDMFilter_CM4_GCC_wc32.a(pdm_filter.o)
 .text.D80_1CH_HTONS_VOL_HP
                0x0000000008004a64      0x214 ../Middlewares/ST/STM32_Audio/Addons/PDM/Lib/libPDMFilter_CM4_GCC_wc32.a(pdm_filter.o)
 .text.D128_1CH_HTONS_VOL_HP
                0x0000000008004c78      0x324 ../Middlewares/ST/STM32_Audio/Addons/PDM/Lib/libPDMFilter_CM4_GCC_wc32.a(pdm_filter.o)
 .text.PDM_Filter_Init
                0x0000000008004f9c      0x114 ../Middlewares/ST/STM32_Audio/Addons/PDM/Lib/libPDMFilter_CM4_GCC_wc32.a(pdm_filter.o)
                0x0000000008004f9c                PDM_Filter_Init
 .text.PDM_Filter_setConfig
                0x00000000080050b0      0x1e4 ../Middlewares/ST/STM32_Audio/Addons/PDM/Lib/libPDMFilter_CM4_GCC_wc32.a(pdm_filter.o)
                0x00000000080050b0                PDM_Filter_setConfig
 .text.PDM_Filter
                0x0000000008005294       0x38 ../Middlewares/ST/STM32_Audio/Addons/PDM/Lib/libPDMFilter_CM4_GCC_wc32.a(pdm_filter.o)
                0x0000000008005294                PDM_Filter
 .text.CRC_Lock
                0x00000000080052cc       0x7c ../Middlewares/ST/STM32_Audio/Addons/PDM/Lib/libPDMFilter_CM4_GCC_wc32.a(stm32_crc_lock.o)
                0x00000000080052cc                CRC_Lock
 .text.__errno  0x0000000008005348        0xc /home/federica/st/stm32cubeide_1.6.1/plugins/com.st.stm32cube.ide.mcu.externaltools.gnu-tools-for-stm32.9-2020-q2-update.linux64_1.5.0.202011040924/tools/bin/../lib/gcc/arm-none-eabi/9.3.1/../../../../arm-none-eabi/lib/thumb/v7e-m+fp/hard/libc_nano.a(lib_a-errno.o)
                0x0000000008005348                __errno
 .text.__libc_init_array
                0x0000000008005354       0x48 /home/federica/st/stm32cubeide_1.6.1/plugins/com.st.stm32cube.ide.mcu.externaltools.gnu-tools-for-stm32.9-2020-q2-update.linux64_1.5.0.202011040924/tools/bin/../lib/gcc/arm-none-eabi/9.3.1/../../../../arm-none-eabi/lib/thumb/v7e-m+fp/hard/libc_nano.a(lib_a-init.o)
                0x0000000008005354                __libc_init_array
 .text.memset   0x000000000800539c       0x10 /home/federica/st/stm32cubeide_1.6.1/plugins/com.st.stm32cube.ide.mcu.externaltools.gnu-tools-for-stm32.9-2020-q2-update.linux64_1.5.0.202011040924/tools/bin/../lib/gcc/arm-none-eabi/9.3.1/../../../../arm-none-eabi/lib/thumb/v7e-m+fp/hard/libc_nano.a(lib_a-memset.o)
                0x000000000800539c                memset
 .text.roundf   0x00000000080053ac       0x4c /home/federica/st/stm32cubeide_1.6.1/plugins/com.st.stm32cube.ide.mcu.externaltools.gnu-tools-for-stm32.9-2020-q2-update.linux64_1.5.0.202011040924/tools/bin/../lib/gcc/arm-none-eabi/9.3.1/../../../../arm-none-eabi/lib/thumb/v7e-m+fp/hard/libm.a(lib_a-sf_round.o)
                0x00000000080053ac                roundf
 .text.powf     0x00000000080053f8      0x130 /home/federica/st/stm32cubeide_1.6.1/plugins/com.st.stm32cube.ide.mcu.externaltools.gnu-tools-for-stm32.9-2020-q2-update.linux64_1.5.0.202011040924/tools/bin/../lib/gcc/arm-none-eabi/9.3.1/../../../../arm-none-eabi/lib/thumb/v7e-m+fp/hard/libm.a(lib_a-wf_pow.o)
                0x00000000080053f8                powf
 .text.__ieee754_powf
                0x0000000008005528      0x580 /home/federica/st/stm32cubeide_1.6.1/plugins/com.st.stm32cube.ide.mcu.externaltools.gnu-tools-for-stm32.9-2020-q2-update.linux64_1.5.0.202011040924/tools/bin/../lib/gcc/arm-none-eabi/9.3.1/../../../../arm-none-eabi/lib/thumb/v7e-m+fp/hard/libm.a(lib_a-ef_pow.o)
                0x0000000008005528                __ieee754_powf
 .text.__ieee754_sqrtf
                0x0000000008005aa8        0x6 /home/federica/st/stm32cubeide_1.6.1/plugins/com.st.stm32cube.ide.mcu.externaltools.gnu-tools-for-stm32.9-2020-q2-update.linux64_1.5.0.202011040924/tools/bin/../lib/gcc/arm-none-eabi/9.3.1/../../../../arm-none-eabi/lib/thumb/v7e-m+fp/hard/libm.a(lib_a-ef_sqrt.o)
                0x0000000008005aa8                __ieee754_sqrtf
 .text.fabsf    0x0000000008005aae        0xe /home/federica/st/stm32cubeide_1.6.1/plugins/com.st.stm32cube.ide.mcu.externaltools.gnu-tools-for-stm32.9-2020-q2-update.linux64_1.5.0.202011040924/tools/bin/../lib/gcc/arm-none-eabi/9.3.1/../../../../arm-none-eabi/lib/thumb/v7e-m+fp/hard/libm.a(lib_a-sf_fabs.o)
                0x0000000008005aae                fabsf
 .text.finitef  0x0000000008005abc       0x1a /home/federica/st/stm32cubeide_1.6.1/plugins/com.st.stm32cube.ide.mcu.externaltools.gnu-tools-for-stm32.9-2020-q2-update.linux64_1.5.0.202011040924/tools/bin/../lib/gcc/arm-none-eabi/9.3.1/../../../../arm-none-eabi/lib/thumb/v7e-m+fp/hard/libm.a(lib_a-sf_finite.o)
                0x0000000008005abc                finitef
 *fill*         0x0000000008005ad6        0x2 
 .text.nanf     0x0000000008005ad8        0xc /home/federica/st/stm32cubeide_1.6.1/plugins/com.st.stm32cube.ide.mcu.externaltools.gnu-tools-for-stm32.9-2020-q2-update.linux64_1.5.0.202011040924/tools/bin/../lib/gcc/arm-none-eabi/9.3.1/../../../../arm-none-eabi/lib/thumb/v7e-m+fp/hard/libm.a(lib_a-sf_nan.o)
                0x0000000008005ad8                nanf
 .text.rintf    0x0000000008005ae4       0xb8 /home/federica/st/stm32cubeide_1.6.1/plugins/com.st.stm32cube.ide.mcu.externaltools.gnu-tools-for-stm32.9-2020-q2-update.linux64_1.5.0.202011040924/tools/bin/../lib/gcc/arm-none-eabi/9.3.1/../../../../arm-none-eabi/lib/thumb/v7e-m+fp/hard/libm.a(lib_a-sf_rint.o)
                0x0000000008005ae4                rintf
 .text.scalbnf  0x0000000008005b9c       0xe4 /home/federica/st/stm32cubeide_1.6.1/plugins/com.st.stm32cube.ide.mcu.externaltools.gnu-tools-for-stm32.9-2020-q2-update.linux64_1.5.0.202011040924/tools/bin/../lib/gcc/arm-none-eabi/9.3.1/../../../../arm-none-eabi/lib/thumb/v7e-m+fp/hard/libm.a(lib_a-sf_scalbn.o)
                0x0000000008005b9c                scalbnf
 *(.glue_7)
 .glue_7        0x0000000008005c80        0x0 linker stubs
 *(.glue_7t)
 .glue_7t       0x0000000008005c80        0x0 linker stubs
 *(.eh_frame)
 .eh_frame      0x0000000008005c80        0x0 /home/federica/st/stm32cubeide_1.6.1/plugins/com.st.stm32cube.ide.mcu.externaltools.gnu-tools-for-stm32.9-2020-q2-update.linux64_1.5.0.202011040924/tools/bin/../lib/gcc/arm-none-eabi/9.3.1/thumb/v7e-m+fp/hard/crtbegin.o
 *(.init)
 .init          0x0000000008005c80        0x4 /home/federica/st/stm32cubeide_1.6.1/plugins/com.st.stm32cube.ide.mcu.externaltools.gnu-tools-for-stm32.9-2020-q2-update.linux64_1.5.0.202011040924/tools/bin/../lib/gcc/arm-none-eabi/9.3.1/thumb/v7e-m+fp/hard/crti.o
                0x0000000008005c80                _init
 .init          0x0000000008005c84        0x8 /home/federica/st/stm32cubeide_1.6.1/plugins/com.st.stm32cube.ide.mcu.externaltools.gnu-tools-for-stm32.9-2020-q2-update.linux64_1.5.0.202011040924/tools/bin/../lib/gcc/arm-none-eabi/9.3.1/thumb/v7e-m+fp/hard/crtn.o
 *(.fini)
 .fini          0x0000000008005c8c        0x4 /home/federica/st/stm32cubeide_1.6.1/plugins/com.st.stm32cube.ide.mcu.externaltools.gnu-tools-for-stm32.9-2020-q2-update.linux64_1.5.0.202011040924/tools/bin/../lib/gcc/arm-none-eabi/9.3.1/thumb/v7e-m+fp/hard/crti.o
                0x0000000008005c8c                _fini
 .fini          0x0000000008005c90        0x8 /home/federica/st/stm32cubeide_1.6.1/plugins/com.st.stm32cube.ide.mcu.externaltools.gnu-tools-for-stm32.9-2020-q2-update.linux64_1.5.0.202011040924/tools/bin/../lib/gcc/arm-none-eabi/9.3.1/thumb/v7e-m+fp/hard/crtn.o
                0x0000000008005c98                . = ALIGN (0x4)
                0x0000000008005c98                _etext = .

.vfp11_veneer   0x0000000008005c98        0x0
 .vfp11_veneer  0x0000000008005c98        0x0 linker stubs

.v4_bx          0x0000000008005c98        0x0
 .v4_bx         0x0000000008005c98        0x0 linker stubs

.iplt           0x0000000008005c98        0x0
 .iplt          0x0000000008005c98        0x0 /home/federica/st/stm32cubeide_1.6.1/plugins/com.st.stm32cube.ide.mcu.externaltools.gnu-tools-for-stm32.9-2020-q2-update.linux64_1.5.0.202011040924/tools/bin/../lib/gcc/arm-none-eabi/9.3.1/thumb/v7e-m+fp/hard/crtbegin.o

.rodata         0x0000000008005c98       0x74
                0x0000000008005c98                . = ALIGN (0x4)
 *(.rodata)
 .rodata        0x0000000008005c98       0x38 ../Middlewares/ST/STM32_Audio/Addons/PDM/Lib/libPDMFilter_CM4_GCC_wc32.a(pdm_filter.o)
 *(.rodata*)
 .rodata.AHBPrescTable
                0x0000000008005cd0       0x10 Core/Src/system_stm32f4xx.o
                0x0000000008005cd0                AHBPrescTable
 .rodata.flagBitshiftOffset.7773
                0x0000000008005ce0        0x8 Drivers/STM32F4xx_HAL_Driver/Src/stm32f4xx_hal_dma.o
 .rodata.__ieee754_powf.str1.1
                0x0000000008005ce8        0x1 /home/federica/st/stm32cubeide_1.6.1/plugins/com.st.stm32cube.ide.mcu.externaltools.gnu-tools-for-stm32.9-2020-q2-update.linux64_1.5.0.202011040924/tools/bin/../lib/gcc/arm-none-eabi/9.3.1/../../../../arm-none-eabi/lib/thumb/v7e-m+fp/hard/libm.a(lib_a-ef_pow.o)
 *fill*         0x0000000008005ce9        0x3 
 .rodata.bp     0x0000000008005cec        0x8 /home/federica/st/stm32cubeide_1.6.1/plugins/com.st.stm32cube.ide.mcu.externaltools.gnu-tools-for-stm32.9-2020-q2-update.linux64_1.5.0.202011040924/tools/bin/../lib/gcc/arm-none-eabi/9.3.1/../../../../arm-none-eabi/lib/thumb/v7e-m+fp/hard/libm.a(lib_a-ef_pow.o)
 .rodata.dp_h   0x0000000008005cf4        0x8 /home/federica/st/stm32cubeide_1.6.1/plugins/com.st.stm32cube.ide.mcu.externaltools.gnu-tools-for-stm32.9-2020-q2-update.linux64_1.5.0.202011040924/tools/bin/../lib/gcc/arm-none-eabi/9.3.1/../../../../arm-none-eabi/lib/thumb/v7e-m+fp/hard/libm.a(lib_a-ef_pow.o)
 .rodata.dp_l   0x0000000008005cfc        0x8 /home/federica/st/stm32cubeide_1.6.1/plugins/com.st.stm32cube.ide.mcu.externaltools.gnu-tools-for-stm32.9-2020-q2-update.linux64_1.5.0.202011040924/tools/bin/../lib/gcc/arm-none-eabi/9.3.1/../../../../arm-none-eabi/lib/thumb/v7e-m+fp/hard/libm.a(lib_a-ef_pow.o)
 .rodata.TWO23  0x0000000008005d04        0x8 /home/federica/st/stm32cubeide_1.6.1/plugins/com.st.stm32cube.ide.mcu.externaltools.gnu-tools-for-stm32.9-2020-q2-update.linux64_1.5.0.202011040924/tools/bin/../lib/gcc/arm-none-eabi/9.3.1/../../../../arm-none-eabi/lib/thumb/v7e-m+fp/hard/libm.a(lib_a-sf_rint.o)
                0x0000000008005d0c                . = ALIGN (0x4)

.ARM.extab      0x0000000008005d0c        0x0
                0x0000000008005d0c                . = ALIGN (0x4)
 *(.ARM.extab* .gnu.linkonce.armextab.*)
                0x0000000008005d0c                . = ALIGN (0x4)

.ARM            0x0000000008005d0c        0x8
                0x0000000008005d0c                . = ALIGN (0x4)
                0x0000000008005d0c                __exidx_start = .
 *(.ARM.exidx*)
 .ARM.exidx     0x0000000008005d0c        0x8 /home/federica/st/stm32cubeide_1.6.1/plugins/com.st.stm32cube.ide.mcu.externaltools.gnu-tools-for-stm32.9-2020-q2-update.linux64_1.5.0.202011040924/tools/bin/../lib/gcc/arm-none-eabi/9.3.1/thumb/v7e-m+fp/hard/libgcc.a(_udivmoddi4.o)
                0x0000000008005d14                __exidx_end = .
                0x0000000008005d14                . = ALIGN (0x4)

.rel.dyn        0x0000000008005d14        0x0
 .rel.iplt      0x0000000008005d14        0x0 /home/federica/st/stm32cubeide_1.6.1/plugins/com.st.stm32cube.ide.mcu.externaltools.gnu-tools-for-stm32.9-2020-q2-update.linux64_1.5.0.202011040924/tools/bin/../lib/gcc/arm-none-eabi/9.3.1/thumb/v7e-m+fp/hard/crtbegin.o

.preinit_array  0x0000000008005d14        0x0
                0x0000000008005d14                . = ALIGN (0x4)
                0x0000000008005d14                PROVIDE (__preinit_array_start = .)
 *(.preinit_array*)
                0x0000000008005d14                PROVIDE (__preinit_array_end = .)
                0x0000000008005d14                . = ALIGN (0x4)

.init_array     0x0000000008005d14        0x4
                0x0000000008005d14                . = ALIGN (0x4)
                0x0000000008005d14                PROVIDE (__init_array_start = .)
 *(SORT_BY_NAME(.init_array.*))
 *(.init_array*)
 .init_array    0x0000000008005d14        0x4 /home/federica/st/stm32cubeide_1.6.1/plugins/com.st.stm32cube.ide.mcu.externaltools.gnu-tools-for-stm32.9-2020-q2-update.linux64_1.5.0.202011040924/tools/bin/../lib/gcc/arm-none-eabi/9.3.1/thumb/v7e-m+fp/hard/crtbegin.o
                0x0000000008005d18                PROVIDE (__init_array_end = .)
                0x0000000008005d18                . = ALIGN (0x4)

.fini_array     0x0000000008005d18        0x4
                0x0000000008005d18                . = ALIGN (0x4)
                [!provide]                        PROVIDE (__fini_array_start = .)
 *(SORT_BY_NAME(.fini_array.*))
 *(.fini_array*)
 .fini_array    0x0000000008005d18        0x4 /home/federica/st/stm32cubeide_1.6.1/plugins/com.st.stm32cube.ide.mcu.externaltools.gnu-tools-for-stm32.9-2020-q2-update.linux64_1.5.0.202011040924/tools/bin/../lib/gcc/arm-none-eabi/9.3.1/thumb/v7e-m+fp/hard/crtbegin.o
                [!provide]                        PROVIDE (__fini_array_end = .)
                0x0000000008005d1c                . = ALIGN (0x4)
                0x0000000008005d1c                _sidata = LOADADDR (.data)

.data           0x0000000020000000      0x474 load address 0x0000000008005d1c
                0x0000000020000000                . = ALIGN (0x4)
                0x0000000020000000                _sdata = .
 *(.data)
 .data          0x0000000020000000      0x400 ../Middlewares/ST/STM32_Audio/Addons/PDM/Lib/libPDMFilter_CM4_GCC_wc32.a(pdm_filter.o)
 *(.data*)
 .data.SystemCoreClock
                0x0000000020000400        0x4 Core/Src/system_stm32f4xx.o
                0x0000000020000400                SystemCoreClock
 .data.uwTickPrio
                0x0000000020000404        0x4 Drivers/STM32F4xx_HAL_Driver/Src/stm32f4xx_hal.o
                0x0000000020000404                uwTickPrio
 .data.uwTickFreq
                0x0000000020000408        0x1 Drivers/STM32F4xx_HAL_Driver/Src/stm32f4xx_hal.o
                0x0000000020000408                uwTickFreq
 *fill*         0x0000000020000409        0x3 
 .data._impure_ptr
                0x000000002000040c        0x4 /home/federica/st/stm32cubeide_1.6.1/plugins/com.st.stm32cube.ide.mcu.externaltools.gnu-tools-for-stm32.9-2020-q2-update.linux64_1.5.0.202011040924/tools/bin/../lib/gcc/arm-none-eabi/9.3.1/../../../../arm-none-eabi/lib/thumb/v7e-m+fp/hard/libc_nano.a(lib_a-impure.o)
                0x000000002000040c                _impure_ptr
 .data.impure_data
                0x0000000020000410       0x60 /home/federica/st/stm32cubeide_1.6.1/plugins/com.st.stm32cube.ide.mcu.externaltools.gnu-tools-for-stm32.9-2020-q2-update.linux64_1.5.0.202011040924/tools/bin/../lib/gcc/arm-none-eabi/9.3.1/../../../../arm-none-eabi/lib/thumb/v7e-m+fp/hard/libc_nano.a(lib_a-impure.o)
 .data.__fdlib_version
                0x0000000020000470        0x1 /home/federica/st/stm32cubeide_1.6.1/plugins/com.st.stm32cube.ide.mcu.externaltools.gnu-tools-for-stm32.9-2020-q2-update.linux64_1.5.0.202011040924/tools/bin/../lib/gcc/arm-none-eabi/9.3.1/../../../../arm-none-eabi/lib/thumb/v7e-m+fp/hard/libm.a(lib_a-s_lib_ver.o)
                0x0000000020000470                __fdlib_version
 *(.RamFunc)
 *(.RamFunc*)
                0x0000000020000474                . = ALIGN (0x4)
 *fill*         0x0000000020000471        0x3 
                0x0000000020000474                _edata = .

.igot.plt       0x0000000020000474        0x0 load address 0x0000000008006190
 .igot.plt      0x0000000020000474        0x0 /home/federica/st/stm32cubeide_1.6.1/plugins/com.st.stm32cube.ide.mcu.externaltools.gnu-tools-for-stm32.9-2020-q2-update.linux64_1.5.0.202011040924/tools/bin/../lib/gcc/arm-none-eabi/9.3.1/thumb/v7e-m+fp/hard/crtbegin.o
                0x0000000020000474                . = ALIGN (0x4)

.bss            0x0000000020000474      0x498 load address 0x0000000008006190
                0x0000000020000474                _sbss = .
                0x0000000020000474                __bss_start__ = _sbss
 *(.bss)
 .bss           0x0000000020000474       0x1c /home/federica/st/stm32cubeide_1.6.1/plugins/com.st.stm32cube.ide.mcu.externaltools.gnu-tools-for-stm32.9-2020-q2-update.linux64_1.5.0.202011040924/tools/bin/../lib/gcc/arm-none-eabi/9.3.1/thumb/v7e-m+fp/hard/crtbegin.o
 .bss           0x0000000020000490        0x1 ../Middlewares/ST/STM32_Audio/Addons/PDM/Lib/libPDMFilter_CM4_GCC_wc32.a(pdm_filter.o)
 *(.bss*)
 *fill*         0x0000000020000491        0x3 
 .bss.i2s       0x0000000020000494        0x4 Core/Src/mic_handler.o
 .bss.pcm       0x0000000020000498       0x60 Core/Src/mic_handler.o
 .bss.rxbufs    0x00000000200004f8      0x300 Core/Src/mic_handler.o
 .bss.rxbuf     0x00000000200007f8        0x4 Core/Src/mic_handler.o
 .bss.sample_count
                0x00000000200007fc        0x4 Core/Src/mic_handler.o
 .bss.new_data  0x0000000020000800        0x1 Core/Src/mic_handler.o
 *(COMMON)
 *fill*         0x0000000020000801        0x3 
 COMMON         0x0000000020000804       0xb0 Core/Src/main.o
                0x0000000020000804                hcrc
                0x000000002000080c                hdma_spi2_rx
                0x000000002000086c                hi2s2
 COMMON         0x00000000200008b4        0x4 Drivers/STM32F4xx_HAL_Driver/Src/stm32f4xx_hal.o
                0x00000000200008b4                uwTick
 COMMON         0x00000000200008b8       0x54 PDM2PCM/App/pdm2pcm.o
                0x00000000200008b8                PDM1_filter_config
                0x00000000200008c0                PDM1_filter_handler
                0x000000002000090c                . = ALIGN (0x4)
                0x000000002000090c                _ebss = .
                0x000000002000090c                __bss_end__ = _ebss

._user_heap_stack
                0x000000002000090c      0x604 load address 0x0000000008006190
                0x0000000020000910                . = ALIGN (0x8)
 *fill*         0x000000002000090c        0x4 
                [!provide]                        PROVIDE (end = .)
                0x0000000020000910                PROVIDE (_end = .)
                0x0000000020000b10                . = (. + _Min_Heap_Size)
 *fill*         0x0000000020000910      0x200 
                0x0000000020000f10                . = (. + _Min_Stack_Size)
 *fill*         0x0000000020000b10      0x400 
                0x0000000020000f10                . = ALIGN (0x8)

/DISCARD/
 libc.a(*)
 libm.a(*)
 libgcc.a(*)

.ARM.attributes
                0x0000000000000000       0x30
 *(.ARM.attributes)
 .ARM.attributes
                0x0000000000000000       0x1e /home/federica/st/stm32cubeide_1.6.1/plugins/com.st.stm32cube.ide.mcu.externaltools.gnu-tools-for-stm32.9-2020-q2-update.linux64_1.5.0.202011040924/tools/bin/../lib/gcc/arm-none-eabi/9.3.1/thumb/v7e-m+fp/hard/crti.o
 .ARM.attributes
                0x000000000000001e       0x34 /home/federica/st/stm32cubeide_1.6.1/plugins/com.st.stm32cube.ide.mcu.externaltools.gnu-tools-for-stm32.9-2020-q2-update.linux64_1.5.0.202011040924/tools/bin/../lib/gcc/arm-none-eabi/9.3.1/thumb/v7e-m+fp/hard/crtbegin.o
 .ARM.attributes
                0x0000000000000052       0x34 Core/Src/main.o
 .ARM.attributes
                0x0000000000000086       0x34 Core/Src/mic_handler.o
 .ARM.attributes
                0x00000000000000ba       0x34 Core/Src/stm32f4xx_hal_msp.o
 .ARM.attributes
                0x00000000000000ee       0x34 Core/Src/stm32f4xx_it.o
 .ARM.attributes
                0x0000000000000122       0x34 Core/Src/system_stm32f4xx.o
 .ARM.attributes
                0x0000000000000156       0x21 Core/Startup/startup_stm32f407vgtx.o
 .ARM.attributes
                0x0000000000000177       0x34 Drivers/STM32F4xx_HAL_Driver/Src/stm32f4xx_hal.o
 .ARM.attributes
                0x00000000000001ab       0x34 Drivers/STM32F4xx_HAL_Driver/Src/stm32f4xx_hal_cortex.o
 .ARM.attributes
                0x00000000000001df       0x34 Drivers/STM32F4xx_HAL_Driver/Src/stm32f4xx_hal_crc.o
 .ARM.attributes
                0x0000000000000213       0x34 Drivers/STM32F4xx_HAL_Driver/Src/stm32f4xx_hal_dma.o
 .ARM.attributes
                0x0000000000000247       0x34 Drivers/STM32F4xx_HAL_Driver/Src/stm32f4xx_hal_gpio.o
 .ARM.attributes
                0x000000000000027b       0x34 Drivers/STM32F4xx_HAL_Driver/Src/stm32f4xx_hal_i2s.o
 .ARM.attributes
                0x00000000000002af       0x34 Drivers/STM32F4xx_HAL_Driver/Src/stm32f4xx_hal_i2s_ex.o
 .ARM.attributes
                0x00000000000002e3       0x34 Drivers/STM32F4xx_HAL_Driver/Src/stm32f4xx_hal_rcc.o
 .ARM.attributes
                0x0000000000000317       0x34 Drivers/STM32F4xx_HAL_Driver/Src/stm32f4xx_hal_rcc_ex.o
 .ARM.attributes
                0x000000000000034b       0x34 PDM2PCM/App/pdm2pcm.o
 .ARM.attributes
                0x000000000000037f       0x39 ../Middlewares/ST/STM32_Audio/Addons/PDM/Lib/libPDMFilter_CM4_GCC_wc32.a(pdm_filter.o)
 .ARM.attributes
                0x00000000000003b8       0x39 ../Middlewares/ST/STM32_Audio/Addons/PDM/Lib/libPDMFilter_CM4_GCC_wc32.a(stm32_crc_lock.o)
 .ARM.attributes
                0x00000000000003f1       0x34 /home/federica/st/stm32cubeide_1.6.1/plugins/com.st.stm32cube.ide.mcu.externaltools.gnu-tools-for-stm32.9-2020-q2-update.linux64_1.5.0.202011040924/tools/bin/../lib/gcc/arm-none-eabi/9.3.1/../../../../arm-none-eabi/lib/thumb/v7e-m+fp/hard/libc_nano.a(lib_a-errno.o)
 .ARM.attributes
                0x0000000000000425       0x32 /home/federica/st/stm32cubeide_1.6.1/plugins/com.st.stm32cube.ide.mcu.externaltools.gnu-tools-for-stm32.9-2020-q2-update.linux64_1.5.0.202011040924/tools/bin/../lib/gcc/arm-none-eabi/9.3.1/../../../../arm-none-eabi/lib/thumb/v7e-m+fp/hard/libc_nano.a(lib_a-impure.o)
 .ARM.attributes
                0x0000000000000457       0x34 /home/federica/st/stm32cubeide_1.6.1/plugins/com.st.stm32cube.ide.mcu.externaltools.gnu-tools-for-stm32.9-2020-q2-update.linux64_1.5.0.202011040924/tools/bin/../lib/gcc/arm-none-eabi/9.3.1/../../../../arm-none-eabi/lib/thumb/v7e-m+fp/hard/libc_nano.a(lib_a-init.o)
 .ARM.attributes
                0x000000000000048b       0x34 /home/federica/st/stm32cubeide_1.6.1/plugins/com.st.stm32cube.ide.mcu.externaltools.gnu-tools-for-stm32.9-2020-q2-update.linux64_1.5.0.202011040924/tools/bin/../lib/gcc/arm-none-eabi/9.3.1/../../../../arm-none-eabi/lib/thumb/v7e-m+fp/hard/libc_nano.a(lib_a-memset.o)
 .ARM.attributes
                0x00000000000004bf       0x34 /home/federica/st/stm32cubeide_1.6.1/plugins/com.st.stm32cube.ide.mcu.externaltools.gnu-tools-for-stm32.9-2020-q2-update.linux64_1.5.0.202011040924/tools/bin/../lib/gcc/arm-none-eabi/9.3.1/../../../../arm-none-eabi/lib/thumb/v7e-m+fp/hard/libm.a(lib_a-sf_round.o)
 .ARM.attributes
                0x00000000000004f3       0x34 /home/federica/st/stm32cubeide_1.6.1/plugins/com.st.stm32cube.ide.mcu.externaltools.gnu-tools-for-stm32.9-2020-q2-update.linux64_1.5.0.202011040924/tools/bin/../lib/gcc/arm-none-eabi/9.3.1/../../../../arm-none-eabi/lib/thumb/v7e-m+fp/hard/libm.a(lib_a-wf_pow.o)
 .ARM.attributes
                0x0000000000000527       0x34 /home/federica/st/stm32cubeide_1.6.1/plugins/com.st.stm32cube.ide.mcu.externaltools.gnu-tools-for-stm32.9-2020-q2-update.linux64_1.5.0.202011040924/tools/bin/../lib/gcc/arm-none-eabi/9.3.1/../../../../arm-none-eabi/lib/thumb/v7e-m+fp/hard/libm.a(lib_a-ef_pow.o)
 .ARM.attributes
                0x000000000000055b       0x34 /home/federica/st/stm32cubeide_1.6.1/plugins/com.st.stm32cube.ide.mcu.externaltools.gnu-tools-for-stm32.9-2020-q2-update.linux64_1.5.0.202011040924/tools/bin/../lib/gcc/arm-none-eabi/9.3.1/../../../../arm-none-eabi/lib/thumb/v7e-m+fp/hard/libm.a(lib_a-ef_sqrt.o)
 .ARM.attributes
                0x000000000000058f       0x32 /home/federica/st/stm32cubeide_1.6.1/plugins/com.st.stm32cube.ide.mcu.externaltools.gnu-tools-for-stm32.9-2020-q2-update.linux64_1.5.0.202011040924/tools/bin/../lib/gcc/arm-none-eabi/9.3.1/../../../../arm-none-eabi/lib/thumb/v7e-m+fp/hard/libm.a(lib_a-s_lib_ver.o)
 .ARM.attributes
                0x00000000000005c1       0x34 /home/federica/st/stm32cubeide_1.6.1/plugins/com.st.stm32cube.ide.mcu.externaltools.gnu-tools-for-stm32.9-2020-q2-update.linux64_1.5.0.202011040924/tools/bin/../lib/gcc/arm-none-eabi/9.3.1/../../../../arm-none-eabi/lib/thumb/v7e-m+fp/hard/libm.a(lib_a-sf_fabs.o)
 .ARM.attributes
                0x00000000000005f5       0x34 /home/federica/st/stm32cubeide_1.6.1/plugins/com.st.stm32cube.ide.mcu.externaltools.gnu-tools-for-stm32.9-2020-q2-update.linux64_1.5.0.202011040924/tools/bin/../lib/gcc/arm-none-eabi/9.3.1/../../../../arm-none-eabi/lib/thumb/v7e-m+fp/hard/libm.a(lib_a-sf_finite.o)
 .ARM.attributes
                0x0000000000000629       0x34 /home/federica/st/stm32cubeide_1.6.1/plugins/com.st.stm32cube.ide.mcu.externaltools.gnu-tools-for-stm32.9-2020-q2-update.linux64_1.5.0.202011040924/tools/bin/../lib/gcc/arm-none-eabi/9.3.1/../../../../arm-none-eabi/lib/thumb/v7e-m+fp/hard/libm.a(lib_a-sf_nan.o)
 .ARM.attributes
                0x000000000000065d       0x34 /home/federica/st/stm32cubeide_1.6.1/plugins/com.st.stm32cube.ide.mcu.externaltools.gnu-tools-for-stm32.9-2020-q2-update.linux64_1.5.0.202011040924/tools/bin/../lib/gcc/arm-none-eabi/9.3.1/../../../../arm-none-eabi/lib/thumb/v7e-m+fp/hard/libm.a(lib_a-sf_rint.o)
 .ARM.attributes
                0x0000000000000691       0x34 /home/federica/st/stm32cubeide_1.6.1/plugins/com.st.stm32cube.ide.mcu.externaltools.gnu-tools-for-stm32.9-2020-q2-update.linux64_1.5.0.202011040924/tools/bin/../lib/gcc/arm-none-eabi/9.3.1/../../../../arm-none-eabi/lib/thumb/v7e-m+fp/hard/libm.a(lib_a-sf_scalbn.o)
 .ARM.attributes
                0x00000000000006c5       0x1e /home/federica/st/stm32cubeide_1.6.1/plugins/com.st.stm32cube.ide.mcu.externaltools.gnu-tools-for-stm32.9-2020-q2-update.linux64_1.5.0.202011040924/tools/bin/../lib/gcc/arm-none-eabi/9.3.1/thumb/v7e-m+fp/hard/libgcc.a(_aeabi_uldivmod.o)
 .ARM.attributes
                0x00000000000006e3       0x34 /home/federica/st/stm32cubeide_1.6.1/plugins/com.st.stm32cube.ide.mcu.externaltools.gnu-tools-for-stm32.9-2020-q2-update.linux64_1.5.0.202011040924/tools/bin/../lib/gcc/arm-none-eabi/9.3.1/thumb/v7e-m+fp/hard/libgcc.a(_udivmoddi4.o)
 .ARM.attributes
                0x0000000000000717       0x1e /home/federica/st/stm32cubeide_1.6.1/plugins/com.st.stm32cube.ide.mcu.externaltools.gnu-tools-for-stm32.9-2020-q2-update.linux64_1.5.0.202011040924/tools/bin/../lib/gcc/arm-none-eabi/9.3.1/thumb/v7e-m+fp/hard/libgcc.a(_dvmd_tls.o)
 .ARM.attributes
                0x0000000000000735       0x1e /home/federica/st/stm32cubeide_1.6.1/plugins/com.st.stm32cube.ide.mcu.externaltools.gnu-tools-for-stm32.9-2020-q2-update.linux64_1.5.0.202011040924/tools/bin/../lib/gcc/arm-none-eabi/9.3.1/thumb/v7e-m+fp/hard/crtn.o
OUTPUT(SpeechRecognitionAndTraduction.elf elf32-littlearm)
LOAD linker stubs
LOAD /home/federica/st/stm32cubeide_1.6.1/plugins/com.st.stm32cube.ide.mcu.externaltools.gnu-tools-for-stm32.9-2020-q2-update.linux64_1.5.0.202011040924/tools/bin/../lib/gcc/arm-none-eabi/9.3.1/../../../../arm-none-eabi/lib/thumb/v7e-m+fp/hard/libc.a
LOAD /home/federica/st/stm32cubeide_1.6.1/plugins/com.st.stm32cube.ide.mcu.externaltools.gnu-tools-for-stm32.9-2020-q2-update.linux64_1.5.0.202011040924/tools/bin/../lib/gcc/arm-none-eabi/9.3.1/../../../../arm-none-eabi/lib/thumb/v7e-m+fp/hard/libm.a
LOAD /home/federica/st/stm32cubeide_1.6.1/plugins/com.st.stm32cube.ide.mcu.externaltools.gnu-tools-for-stm32.9-2020-q2-update.linux64_1.5.0.202011040924/tools/bin/../lib/gcc/arm-none-eabi/9.3.1/thumb/v7e-m+fp/hard/libgcc.a

.debug_info     0x0000000000000000     0x9640
 .debug_info    0x0000000000000000     0x1145 Core/Src/main.o
 .debug_info    0x0000000000001145     0x11bd Core/Src/mic_handler.o
 .debug_info    0x0000000000002302      0xbbe Core/Src/stm32f4xx_hal_msp.o
 .debug_info    0x0000000000002ec0      0x4b7 Core/Src/stm32f4xx_it.o
 .debug_info    0x0000000000003377      0x5a4 Core/Src/system_stm32f4xx.o
 .debug_info    0x000000000000391b       0x22 Core/Startup/startup_stm32f407vgtx.o
 .debug_info    0x000000000000393d      0x9b2 Drivers/STM32F4xx_HAL_Driver/Src/stm32f4xx_hal.o
 .debug_info    0x00000000000042ef      0xed7 Drivers/STM32F4xx_HAL_Driver/Src/stm32f4xx_hal_cortex.o
 .debug_info    0x00000000000051c6      0x47a Drivers/STM32F4xx_HAL_Driver/Src/stm32f4xx_hal_crc.o
 .debug_info    0x0000000000005640      0x9f1 Drivers/STM32F4xx_HAL_Driver/Src/stm32f4xx_hal_dma.o
 .debug_info    0x0000000000006031      0x83e Drivers/STM32F4xx_HAL_Driver/Src/stm32f4xx_hal_gpio.o
 .debug_info    0x000000000000686f      0xf30 Drivers/STM32F4xx_HAL_Driver/Src/stm32f4xx_hal_i2s.o
 .debug_info    0x000000000000779f      0xc22 Drivers/STM32F4xx_HAL_Driver/Src/stm32f4xx_hal_i2s_ex.o
 .debug_info    0x00000000000083c1      0x996 Drivers/STM32F4xx_HAL_Driver/Src/stm32f4xx_hal_rcc.o
 .debug_info    0x0000000000008d57      0x603 Drivers/STM32F4xx_HAL_Driver/Src/stm32f4xx_hal_rcc_ex.o
 .debug_info    0x000000000000935a      0x2e6 PDM2PCM/App/pdm2pcm.o

.debug_abbrev   0x0000000000000000     0x1e82
 .debug_abbrev  0x0000000000000000      0x24d Core/Src/main.o
 .debug_abbrev  0x000000000000024d      0x285 Core/Src/mic_handler.o
 .debug_abbrev  0x00000000000004d2      0x1c8 Core/Src/stm32f4xx_hal_msp.o
 .debug_abbrev  0x000000000000069a      0x163 Core/Src/stm32f4xx_it.o
 .debug_abbrev  0x00000000000007fd      0x145 Core/Src/system_stm32f4xx.o
 .debug_abbrev  0x0000000000000942       0x12 Core/Startup/startup_stm32f407vgtx.o
 .debug_abbrev  0x0000000000000954      0x1ed Drivers/STM32F4xx_HAL_Driver/Src/stm32f4xx_hal.o
 .debug_abbrev  0x0000000000000b41      0x33c Drivers/STM32F4xx_HAL_Driver/Src/stm32f4xx_hal_cortex.o
 .debug_abbrev  0x0000000000000e7d      0x1dd Drivers/STM32F4xx_HAL_Driver/Src/stm32f4xx_hal_crc.o
 .debug_abbrev  0x000000000000105a      0x259 Drivers/STM32F4xx_HAL_Driver/Src/stm32f4xx_hal_dma.o
 .debug_abbrev  0x00000000000012b3      0x1f1 Drivers/STM32F4xx_HAL_Driver/Src/stm32f4xx_hal_gpio.o
 .debug_abbrev  0x00000000000014a4      0x245 Drivers/STM32F4xx_HAL_Driver/Src/stm32f4xx_hal_i2s.o
 .debug_abbrev  0x00000000000016e9      0x276 Drivers/STM32F4xx_HAL_Driver/Src/stm32f4xx_hal_i2s_ex.o
 .debug_abbrev  0x000000000000195f      0x275 Drivers/STM32F4xx_HAL_Driver/Src/stm32f4xx_hal_rcc.o
 .debug_abbrev  0x0000000000001bd4      0x18f Drivers/STM32F4xx_HAL_Driver/Src/stm32f4xx_hal_rcc_ex.o
 .debug_abbrev  0x0000000000001d63      0x11f PDM2PCM/App/pdm2pcm.o

.debug_aranges  0x0000000000000000      0x760
 .debug_aranges
                0x0000000000000000       0x50 Core/Src/main.o
 .debug_aranges
                0x0000000000000050       0x50 Core/Src/mic_handler.o
 .debug_aranges
                0x00000000000000a0       0x40 Core/Src/stm32f4xx_hal_msp.o
 .debug_aranges
                0x00000000000000e0       0x68 Core/Src/stm32f4xx_it.o
 .debug_aranges
                0x0000000000000148       0x28 Core/Src/system_stm32f4xx.o
 .debug_aranges
                0x0000000000000170       0x28 Core/Startup/startup_stm32f407vgtx.o
 .debug_aranges
                0x0000000000000198       0xf0 Drivers/STM32F4xx_HAL_Driver/Src/stm32f4xx_hal.o
 .debug_aranges
                0x0000000000000288      0x118 Drivers/STM32F4xx_HAL_Driver/Src/stm32f4xx_hal_cortex.o
 .debug_aranges
                0x00000000000003a0       0x50 Drivers/STM32F4xx_HAL_Driver/Src/stm32f4xx_hal_crc.o
 .debug_aranges
                0x00000000000003f0       0x90 Drivers/STM32F4xx_HAL_Driver/Src/stm32f4xx_hal_dma.o
 .debug_aranges
                0x0000000000000480       0x58 Drivers/STM32F4xx_HAL_Driver/Src/stm32f4xx_hal_gpio.o
 .debug_aranges
                0x00000000000004d8      0x108 Drivers/STM32F4xx_HAL_Driver/Src/stm32f4xx_hal_i2s.o
 .debug_aranges
                0x00000000000005e0       0x88 Drivers/STM32F4xx_HAL_Driver/Src/stm32f4xx_hal_i2s_ex.o
 .debug_aranges
                0x0000000000000668       0x88 Drivers/STM32F4xx_HAL_Driver/Src/stm32f4xx_hal_rcc.o
 .debug_aranges
                0x00000000000006f0       0x48 Drivers/STM32F4xx_HAL_Driver/Src/stm32f4xx_hal_rcc_ex.o
 .debug_aranges
                0x0000000000000738       0x28 PDM2PCM/App/pdm2pcm.o

.debug_ranges   0x0000000000000000      0x668
 .debug_ranges  0x0000000000000000       0x40 Core/Src/main.o
 .debug_ranges  0x0000000000000040       0x40 Core/Src/mic_handler.o
 .debug_ranges  0x0000000000000080       0x30 Core/Src/stm32f4xx_hal_msp.o
 .debug_ranges  0x00000000000000b0       0x58 Core/Src/stm32f4xx_it.o
 .debug_ranges  0x0000000000000108       0x18 Core/Src/system_stm32f4xx.o
 .debug_ranges  0x0000000000000120       0x20 Core/Startup/startup_stm32f407vgtx.o
 .debug_ranges  0x0000000000000140       0xe0 Drivers/STM32F4xx_HAL_Driver/Src/stm32f4xx_hal.o
 .debug_ranges  0x0000000000000220      0x108 Drivers/STM32F4xx_HAL_Driver/Src/stm32f4xx_hal_cortex.o
 .debug_ranges  0x0000000000000328       0x40 Drivers/STM32F4xx_HAL_Driver/Src/stm32f4xx_hal_crc.o
 .debug_ranges  0x0000000000000368       0x80 Drivers/STM32F4xx_HAL_Driver/Src/stm32f4xx_hal_dma.o
 .debug_ranges  0x00000000000003e8       0x48 Drivers/STM32F4xx_HAL_Driver/Src/stm32f4xx_hal_gpio.o
 .debug_ranges  0x0000000000000430       0xf8 Drivers/STM32F4xx_HAL_Driver/Src/stm32f4xx_hal_i2s.o
 .debug_ranges  0x0000000000000528       0x78 Drivers/STM32F4xx_HAL_Driver/Src/stm32f4xx_hal_i2s_ex.o
 .debug_ranges  0x00000000000005a0       0x78 Drivers/STM32F4xx_HAL_Driver/Src/stm32f4xx_hal_rcc.o
 .debug_ranges  0x0000000000000618       0x38 Drivers/STM32F4xx_HAL_Driver/Src/stm32f4xx_hal_rcc_ex.o
 .debug_ranges  0x0000000000000650       0x18 PDM2PCM/App/pdm2pcm.o

.debug_macro    0x0000000000000000    0x20e44
 .debug_macro   0x0000000000000000      0x1ff Core/Src/main.o
 .debug_macro   0x00000000000001ff      0xaa8 Core/Src/main.o
 .debug_macro   0x0000000000000ca7      0x29b Core/Src/main.o
 .debug_macro   0x0000000000000f42       0x2e Core/Src/main.o
 .debug_macro   0x0000000000000f70       0x2f Core/Src/main.o
 .debug_macro   0x0000000000000f9f       0x22 Core/Src/main.o
 .debug_macro   0x0000000000000fc1       0x8e Core/Src/main.o
 .debug_macro   0x000000000000104f       0x51 Core/Src/main.o
 .debug_macro   0x00000000000010a0      0x103 Core/Src/main.o
 .debug_macro   0x00000000000011a3       0x6a Core/Src/main.o
 .debug_macro   0x000000000000120d      0x1df Core/Src/main.o
 .debug_macro   0x00000000000013ec       0x1c Core/Src/main.o
 .debug_macro   0x0000000000001408       0x22 Core/Src/main.o
 .debug_macro   0x000000000000142a       0xdf Core/Src/main.o
 .debug_macro   0x0000000000001509     0x102d Core/Src/main.o
 .debug_macro   0x0000000000002536      0x11f Core/Src/main.o
 .debug_macro   0x0000000000002655    0x15e58 Core/Src/main.o
 .debug_macro   0x00000000000184ad       0x6d Core/Src/main.o
 .debug_macro   0x000000000001851a     0x3666 Core/Src/main.o
 .debug_macro   0x000000000001bb80      0x174 Core/Src/main.o
 .debug_macro   0x000000000001bcf4       0x5c Core/Src/main.o
 .debug_macro   0x000000000001bd50      0x96b Core/Src/main.o
 .debug_macro   0x000000000001c6bb      0x9fe Core/Src/main.o
 .debug_macro   0x000000000001d0b9      0x116 Core/Src/main.o
 .debug_macro   0x000000000001d1cf      0x13e Core/Src/main.o
 .debug_macro   0x000000000001d30d       0xa5 Core/Src/main.o
 .debug_macro   0x000000000001d3b2      0x174 Core/Src/main.o
 .debug_macro   0x000000000001d526      0x287 Core/Src/main.o
 .debug_macro   0x000000000001d7ad       0x5f Core/Src/main.o
 .debug_macro   0x000000000001d80c      0x236 Core/Src/main.o
 .debug_macro   0x000000000001da42       0x22 Core/Src/main.o
 .debug_macro   0x000000000001da64      0x12c Core/Src/main.o
 .debug_macro   0x000000000001db90      0x21e Core/Src/main.o
 .debug_macro   0x000000000001ddae       0x2e Core/Src/main.o
 .debug_macro   0x000000000001dddc      0x1a7 Core/Src/main.o
 .debug_macro   0x000000000001df83       0x46 Core/Src/main.o
 .debug_macro   0x000000000001dfc9       0x4a Core/Src/main.o
 .debug_macro   0x000000000001e013      0x11a Core/Src/main.o
 .debug_macro   0x000000000001e12d       0x7e Core/Src/main.o
 .debug_macro   0x000000000001e1ab       0x89 Core/Src/main.o
 .debug_macro   0x000000000001e234      0x12d Core/Src/main.o
 .debug_macro   0x000000000001e361       0x34 Core/Src/main.o
 .debug_macro   0x000000000001e395       0x82 Core/Src/main.o
 .debug_macro   0x000000000001e417      0x354 Core/Src/mic_handler.o
 .debug_macro   0x000000000001e76b       0x4c Core/Src/mic_handler.o
 .debug_macro   0x000000000001e7b7       0x18 Core/Src/mic_handler.o
 .debug_macro   0x000000000001e7cf       0x94 Core/Src/mic_handler.o
 .debug_macro   0x000000000001e863       0x3c Core/Src/mic_handler.o
 .debug_macro   0x000000000001e89f       0x34 Core/Src/mic_handler.o
 .debug_macro   0x000000000001e8d3       0x16 Core/Src/mic_handler.o
 .debug_macro   0x000000000001e8e9       0x57 Core/Src/mic_handler.o
 .debug_macro   0x000000000001e940       0x97 Core/Src/mic_handler.o
 .debug_macro   0x000000000001e9d7      0x339 Core/Src/mic_handler.o
 .debug_macro   0x000000000001ed10       0xfd Core/Src/mic_handler.o
 .debug_macro   0x000000000001ee0d       0x10 Core/Src/mic_handler.o
 .debug_macro   0x000000000001ee1d       0x16 Core/Src/mic_handler.o
 .debug_macro   0x000000000001ee33       0x43 Core/Src/mic_handler.o
 .debug_macro   0x000000000001ee76       0x34 Core/Src/mic_handler.o
 .debug_macro   0x000000000001eeaa       0x10 Core/Src/mic_handler.o
 .debug_macro   0x000000000001eeba       0x58 Core/Src/mic_handler.o
 .debug_macro   0x000000000001ef12       0x71 Core/Src/mic_handler.o
 .debug_macro   0x000000000001ef83       0x1c Core/Src/mic_handler.o
 .debug_macro   0x000000000001ef9f      0x12a Core/Src/mic_handler.o
 .debug_macro   0x000000000001f0c9       0x10 Core/Src/mic_handler.o
 .debug_macro   0x000000000001f0d9       0x1c Core/Src/mic_handler.o
 .debug_macro   0x000000000001f0f5       0x52 Core/Src/mic_handler.o
 .debug_macro   0x000000000001f147       0x22 Core/Src/mic_handler.o
 .debug_macro   0x000000000001f169       0x10 Core/Src/mic_handler.o
 .debug_macro   0x000000000001f179       0x40 Core/Src/mic_handler.o
 .debug_macro   0x000000000001f1b9       0xd5 Core/Src/mic_handler.o
 .debug_macro   0x000000000001f28e       0x1c Core/Src/mic_handler.o
 .debug_macro   0x000000000001f2aa       0x3d Core/Src/mic_handler.o
 .debug_macro   0x000000000001f2e7       0x16 Core/Src/mic_handler.o
 .debug_macro   0x000000000001f2fd      0x145 Core/Src/mic_handler.o
 .debug_macro   0x000000000001f442       0xd9 Core/Src/mic_handler.o
 .debug_macro   0x000000000001f51b       0x56 Core/Src/mic_handler.o
 .debug_macro   0x000000000001f571       0x3a Core/Src/mic_handler.o
 .debug_macro   0x000000000001f5ab      0x1e2 Core/Src/stm32f4xx_hal_msp.o
 .debug_macro   0x000000000001f78d      0x1ec Core/Src/stm32f4xx_it.o
 .debug_macro   0x000000000001f979      0x1d3 Core/Src/system_stm32f4xx.o
 .debug_macro   0x000000000001fb4c      0x233 Drivers/STM32F4xx_HAL_Driver/Src/stm32f4xx_hal.o
 .debug_macro   0x000000000001fd7f      0x1d3 Drivers/STM32F4xx_HAL_Driver/Src/stm32f4xx_hal_cortex.o
 .debug_macro   0x000000000001ff52      0x1d3 Drivers/STM32F4xx_HAL_Driver/Src/stm32f4xx_hal_crc.o
 .debug_macro   0x0000000000020125      0x1d9 Drivers/STM32F4xx_HAL_Driver/Src/stm32f4xx_hal_dma.o
 .debug_macro   0x00000000000202fe      0x1d9 Drivers/STM32F4xx_HAL_Driver/Src/stm32f4xx_hal_gpio.o
 .debug_macro   0x00000000000204d7      0x1db Drivers/STM32F4xx_HAL_Driver/Src/stm32f4xx_hal_i2s.o
 .debug_macro   0x00000000000206b2      0x1d3 Drivers/STM32F4xx_HAL_Driver/Src/stm32f4xx_hal_i2s_ex.o
 .debug_macro   0x0000000000020885      0x1f7 Drivers/STM32F4xx_HAL_Driver/Src/stm32f4xx_hal_rcc.o
 .debug_macro   0x0000000000020a7c      0x1d3 Drivers/STM32F4xx_HAL_Driver/Src/stm32f4xx_hal_rcc_ex.o
 .debug_macro   0x0000000000020c4f      0x1f5 PDM2PCM/App/pdm2pcm.o

.debug_line     0x0000000000000000     0xa77c
 .debug_line    0x0000000000000000      0x88b Core/Src/main.o
 .debug_line    0x000000000000088b      0x9d0 Core/Src/mic_handler.o
 .debug_line    0x000000000000125b      0x787 Core/Src/stm32f4xx_hal_msp.o
 .debug_line    0x00000000000019e2      0x7a4 Core/Src/stm32f4xx_it.o
 .debug_line    0x0000000000002186      0x74b Core/Src/system_stm32f4xx.o
 .debug_line    0x00000000000028d1       0x88 Core/Startup/startup_stm32f407vgtx.o
 .debug_line    0x0000000000002959      0x9b1 Drivers/STM32F4xx_HAL_Driver/Src/stm32f4xx_hal.o
 .debug_line    0x000000000000330a      0xc60 Drivers/STM32F4xx_HAL_Driver/Src/stm32f4xx_hal_cortex.o
 .debug_line    0x0000000000003f6a      0x810 Drivers/STM32F4xx_HAL_Driver/Src/stm32f4xx_hal_crc.o
 .debug_line    0x000000000000477a      0xf16 Drivers/STM32F4xx_HAL_Driver/Src/stm32f4xx_hal_dma.o
 .debug_line    0x0000000000005690      0xb27 Drivers/STM32F4xx_HAL_Driver/Src/stm32f4xx_hal_gpio.o
 .debug_line    0x00000000000061b7     0x134a Drivers/STM32F4xx_HAL_Driver/Src/stm32f4xx_hal_i2s.o
 .debug_line    0x0000000000007501     0x1449 Drivers/STM32F4xx_HAL_Driver/Src/stm32f4xx_hal_i2s_ex.o
 .debug_line    0x000000000000894a      0xd2b Drivers/STM32F4xx_HAL_Driver/Src/stm32f4xx_hal_rcc.o
 .debug_line    0x0000000000009675      0x9c7 Drivers/STM32F4xx_HAL_Driver/Src/stm32f4xx_hal_rcc_ex.o
 .debug_line    0x000000000000a03c      0x740 PDM2PCM/App/pdm2pcm.o

.debug_str      0x0000000000000000    0xc2ab3
 .debug_str     0x0000000000000000    0xbd0d3 Core/Src/main.o
                                      0xbd3e4 (size before relaxing)
 .debug_str     0x00000000000bd0d3     0x4175 Core/Src/mic_handler.o
                                      0xc0c73 (size before relaxing)
 .debug_str     0x00000000000c1248       0x70 Core/Src/stm32f4xx_hal_msp.o
                                      0xbc8a4 (size before relaxing)
 .debug_str     0x00000000000c12b8       0xd5 Core/Src/stm32f4xx_it.o
                                      0xbc4f6 (size before relaxing)
 .debug_str     0x00000000000c138d       0xaf Core/Src/system_stm32f4xx.o
                                      0xbc2c9 (size before relaxing)
 .debug_str     0x00000000000c143c       0x36 Core/Startup/startup_stm32f407vgtx.o
                                         0x86 (size before relaxing)
 .debug_str     0x00000000000c1472      0x57b Drivers/STM32F4xx_HAL_Driver/Src/stm32f4xx_hal.o
                                      0xbcdab (size before relaxing)
 .debug_str     0x00000000000c19ed      0x399 Drivers/STM32F4xx_HAL_Driver/Src/stm32f4xx_hal_cortex.o
                                      0xbcb9a (size before relaxing)
 .debug_str     0x00000000000c1d86       0xaa Drivers/STM32F4xx_HAL_Driver/Src/stm32f4xx_hal_crc.o
                                      0xbc323 (size before relaxing)
 .debug_str     0x00000000000c1e30      0x322 Drivers/STM32F4xx_HAL_Driver/Src/stm32f4xx_hal_dma.o
                                      0xbc6f3 (size before relaxing)
 .debug_str     0x00000000000c2152      0x15a Drivers/STM32F4xx_HAL_Driver/Src/stm32f4xx_hal_gpio.o
                                      0xbc470 (size before relaxing)
 .debug_str     0x00000000000c22ac      0x260 Drivers/STM32F4xx_HAL_Driver/Src/stm32f4xx_hal_i2s.o
                                      0xbc892 (size before relaxing)
 .debug_str     0x00000000000c250c      0x1fc Drivers/STM32F4xx_HAL_Driver/Src/stm32f4xx_hal_i2s_ex.o
                                      0xbc7d0 (size before relaxing)
 .debug_str     0x00000000000c2708      0x24e Drivers/STM32F4xx_HAL_Driver/Src/stm32f4xx_hal_rcc.o
                                      0xbc6cb (size before relaxing)
 .debug_str     0x00000000000c2956      0x113 Drivers/STM32F4xx_HAL_Driver/Src/stm32f4xx_hal_rcc_ex.o
                                      0xbc413 (size before relaxing)
 .debug_str     0x00000000000c2a69       0x4a PDM2PCM/App/pdm2pcm.o
                                      0xbc69c (size before relaxing)

.comment        0x0000000000000000       0xd2
 .comment       0x0000000000000000       0x53 Core/Src/main.o
                                         0x54 (size before relaxing)
 .comment       0x0000000000000053       0x54 Core/Src/mic_handler.o
 .comment       0x0000000000000053       0x54 Core/Src/stm32f4xx_hal_msp.o
 .comment       0x0000000000000053       0x54 Core/Src/stm32f4xx_it.o
 .comment       0x0000000000000053       0x54 Core/Src/system_stm32f4xx.o
 .comment       0x0000000000000053       0x54 Drivers/STM32F4xx_HAL_Driver/Src/stm32f4xx_hal.o
 .comment       0x0000000000000053       0x54 Drivers/STM32F4xx_HAL_Driver/Src/stm32f4xx_hal_cortex.o
 .comment       0x0000000000000053       0x54 Drivers/STM32F4xx_HAL_Driver/Src/stm32f4xx_hal_crc.o
 .comment       0x0000000000000053       0x54 Drivers/STM32F4xx_HAL_Driver/Src/stm32f4xx_hal_dma.o
 .comment       0x0000000000000053       0x54 Drivers/STM32F4xx_HAL_Driver/Src/stm32f4xx_hal_gpio.o
 .comment       0x0000000000000053       0x54 Drivers/STM32F4xx_HAL_Driver/Src/stm32f4xx_hal_i2s.o
 .comment       0x0000000000000053       0x54 Drivers/STM32F4xx_HAL_Driver/Src/stm32f4xx_hal_i2s_ex.o
 .comment       0x0000000000000053       0x54 Drivers/STM32F4xx_HAL_Driver/Src/stm32f4xx_hal_rcc.o
 .comment       0x0000000000000053       0x54 Drivers/STM32F4xx_HAL_Driver/Src/stm32f4xx_hal_rcc_ex.o
 .comment       0x0000000000000053       0x54 PDM2PCM/App/pdm2pcm.o
 .comment       0x0000000000000053       0x7f ../Middlewares/ST/STM32_Audio/Addons/PDM/Lib/libPDMFilter_CM4_GCC_wc32.a(pdm_filter.o)
                                         0x80 (size before relaxing)
 .comment       0x00000000000000d2       0x80 ../Middlewares/ST/STM32_Audio/Addons/PDM/Lib/libPDMFilter_CM4_GCC_wc32.a(stm32_crc_lock.o)

.debug_frame    0x0000000000000000     0x1d44
 .debug_frame   0x0000000000000000       0xec Core/Src/main.o
 .debug_frame   0x00000000000000ec      0x104 Core/Src/mic_handler.o
 .debug_frame   0x00000000000001f0       0xd0 Core/Src/stm32f4xx_hal_msp.o
 .debug_frame   0x00000000000002c0      0x120 Core/Src/stm32f4xx_it.o
 .debug_frame   0x00000000000003e0       0x58 Core/Src/system_stm32f4xx.o
 .debug_frame   0x0000000000000438      0x374 Drivers/STM32F4xx_HAL_Driver/Src/stm32f4xx_hal.o
 .debug_frame   0x00000000000007ac      0x498 Drivers/STM32F4xx_HAL_Driver/Src/stm32f4xx_hal_cortex.o
 .debug_frame   0x0000000000000c44      0x120 Drivers/STM32F4xx_HAL_Driver/Src/stm32f4xx_hal_crc.o
 .debug_frame   0x0000000000000d64      0x250 Drivers/STM32F4xx_HAL_Driver/Src/stm32f4xx_hal_dma.o
 .debug_frame   0x0000000000000fb4      0x14c Drivers/STM32F4xx_HAL_Driver/Src/stm32f4xx_hal_gpio.o
 .debug_frame   0x0000000000001100      0x484 Drivers/STM32F4xx_HAL_Driver/Src/stm32f4xx_hal_i2s.o
 .debug_frame   0x0000000000001584      0x220 Drivers/STM32F4xx_HAL_Driver/Src/stm32f4xx_hal_i2s_ex.o
 .debug_frame   0x00000000000017a4      0x1ec Drivers/STM32F4xx_HAL_Driver/Src/stm32f4xx_hal_rcc.o
 .debug_frame   0x0000000000001990       0xf0 Drivers/STM32F4xx_HAL_Driver/Src/stm32f4xx_hal_rcc_ex.o
 .debug_frame   0x0000000000001a80       0x54 PDM2PCM/App/pdm2pcm.o
 .debug_frame   0x0000000000001ad4       0x20 /home/federica/st/stm32cubeide_1.6.1/plugins/com.st.stm32cube.ide.mcu.externaltools.gnu-tools-for-stm32.9-2020-q2-update.linux64_1.5.0.202011040924/tools/bin/../lib/gcc/arm-none-eabi/9.3.1/../../../../arm-none-eabi/lib/thumb/v7e-m+fp/hard/libc_nano.a(lib_a-errno.o)
 .debug_frame   0x0000000000001af4       0x2c /home/federica/st/stm32cubeide_1.6.1/plugins/com.st.stm32cube.ide.mcu.externaltools.gnu-tools-for-stm32.9-2020-q2-update.linux64_1.5.0.202011040924/tools/bin/../lib/gcc/arm-none-eabi/9.3.1/../../../../arm-none-eabi/lib/thumb/v7e-m+fp/hard/libc_nano.a(lib_a-init.o)
 .debug_frame   0x0000000000001b20       0x20 /home/federica/st/stm32cubeide_1.6.1/plugins/com.st.stm32cube.ide.mcu.externaltools.gnu-tools-for-stm32.9-2020-q2-update.linux64_1.5.0.202011040924/tools/bin/../lib/gcc/arm-none-eabi/9.3.1/../../../../arm-none-eabi/lib/thumb/v7e-m+fp/hard/libc_nano.a(lib_a-memset.o)
 .debug_frame   0x0000000000001b40       0x20 /home/federica/st/stm32cubeide_1.6.1/plugins/com.st.stm32cube.ide.mcu.externaltools.gnu-tools-for-stm32.9-2020-q2-update.linux64_1.5.0.202011040924/tools/bin/../lib/gcc/arm-none-eabi/9.3.1/../../../../arm-none-eabi/lib/thumb/v7e-m+fp/hard/libm.a(lib_a-sf_round.o)
 .debug_frame   0x0000000000001b60       0x44 /home/federica/st/stm32cubeide_1.6.1/plugins/com.st.stm32cube.ide.mcu.externaltools.gnu-tools-for-stm32.9-2020-q2-update.linux64_1.5.0.202011040924/tools/bin/../lib/gcc/arm-none-eabi/9.3.1/../../../../arm-none-eabi/lib/thumb/v7e-m+fp/hard/libm.a(lib_a-wf_pow.o)
 .debug_frame   0x0000000000001ba4       0x68 /home/federica/st/stm32cubeide_1.6.1/plugins/com.st.stm32cube.ide.mcu.externaltools.gnu-tools-for-stm32.9-2020-q2-update.linux64_1.5.0.202011040924/tools/bin/../lib/gcc/arm-none-eabi/9.3.1/../../../../arm-none-eabi/lib/thumb/v7e-m+fp/hard/libm.a(lib_a-ef_pow.o)
 .debug_frame   0x0000000000001c0c       0x20 /home/federica/st/stm32cubeide_1.6.1/plugins/com.st.stm32cube.ide.mcu.externaltools.gnu-tools-for-stm32.9-2020-q2-update.linux64_1.5.0.202011040924/tools/bin/../lib/gcc/arm-none-eabi/9.3.1/../../../../arm-none-eabi/lib/thumb/v7e-m+fp/hard/libm.a(lib_a-ef_sqrt.o)
 .debug_frame   0x0000000000001c2c       0x20 /home/federica/st/stm32cubeide_1.6.1/plugins/com.st.stm32cube.ide.mcu.externaltools.gnu-tools-for-stm32.9-2020-q2-update.linux64_1.5.0.202011040924/tools/bin/../lib/gcc/arm-none-eabi/9.3.1/../../../../arm-none-eabi/lib/thumb/v7e-m+fp/hard/libm.a(lib_a-sf_fabs.o)
 .debug_frame   0x0000000000001c4c       0x28 /home/federica/st/stm32cubeide_1.6.1/plugins/com.st.stm32cube.ide.mcu.externaltools.gnu-tools-for-stm32.9-2020-q2-update.linux64_1.5.0.202011040924/tools/bin/../lib/gcc/arm-none-eabi/9.3.1/../../../../arm-none-eabi/lib/thumb/v7e-m+fp/hard/libm.a(lib_a-sf_finite.o)
 .debug_frame   0x0000000000001c74       0x20 /home/federica/st/stm32cubeide_1.6.1/plugins/com.st.stm32cube.ide.mcu.externaltools.gnu-tools-for-stm32.9-2020-q2-update.linux64_1.5.0.202011040924/tools/bin/../lib/gcc/arm-none-eabi/9.3.1/../../../../arm-none-eabi/lib/thumb/v7e-m+fp/hard/libm.a(lib_a-sf_nan.o)
 .debug_frame   0x0000000000001c94       0x30 /home/federica/st/stm32cubeide_1.6.1/plugins/com.st.stm32cube.ide.mcu.externaltools.gnu-tools-for-stm32.9-2020-q2-update.linux64_1.5.0.202011040924/tools/bin/../lib/gcc/arm-none-eabi/9.3.1/../../../../arm-none-eabi/lib/thumb/v7e-m+fp/hard/libm.a(lib_a-sf_rint.o)
 .debug_frame   0x0000000000001cc4       0x20 /home/federica/st/stm32cubeide_1.6.1/plugins/com.st.stm32cube.ide.mcu.externaltools.gnu-tools-for-stm32.9-2020-q2-update.linux64_1.5.0.202011040924/tools/bin/../lib/gcc/arm-none-eabi/9.3.1/../../../../arm-none-eabi/lib/thumb/v7e-m+fp/hard/libm.a(lib_a-sf_scalbn.o)
 .debug_frame   0x0000000000001ce4       0x2c /home/federica/st/stm32cubeide_1.6.1/plugins/com.st.stm32cube.ide.mcu.externaltools.gnu-tools-for-stm32.9-2020-q2-update.linux64_1.5.0.202011040924/tools/bin/../lib/gcc/arm-none-eabi/9.3.1/thumb/v7e-m+fp/hard/libgcc.a(_aeabi_uldivmod.o)
 .debug_frame   0x0000000000001d10       0x34 /home/federica/st/stm32cubeide_1.6.1/plugins/com.st.stm32cube.ide.mcu.externaltools.gnu-tools-for-stm32.9-2020-q2-update.linux64_1.5.0.202011040924/tools/bin/../lib/gcc/arm-none-eabi/9.3.1/thumb/v7e-m+fp/hard/libgcc.a(_udivmoddi4.o)
