stm32f4_discovery_audio.c:216:9:BSP_AUDIO_OUT_Init	32	static
stm32f4_discovery_audio.c:262:9:BSP_AUDIO_OUT_Play	16	static
stm32f4_discovery_audio.c:281:6:BSP_AUDIO_OUT_ChangeBuffer	16	static
stm32f4_discovery_audio.c:293:9:BSP_AUDIO_OUT_Pause	8	static
stm32f4_discovery_audio.c:313:9:BSP_AUDIO_OUT_Resume	8	static
stm32f4_discovery_audio.c:333:9:BSP_AUDIO_OUT_Stop	16	static
stm32f4_discovery_audio.c:361:9:BSP_AUDIO_OUT_SetVolume	16	static
stm32f4_discovery_audio.c:377:9:BSP_AUDIO_OUT_SetMute	16	static
stm32f4_discovery_audio.c:395:9:BSP_AUDIO_OUT_SetOutputMode	16	static
stm32f4_discovery_audio.c:411:6:BSP_AUDIO_OUT_SetFrequency	16	static
stm32f4_discovery_audio.c:423:6:HAL_I2S_TxCpltCallback	16	static
stm32f4_discovery_audio.c:434:6:HAL_I2S_TxHalfCpltCallback	16	static
stm32f4_discovery_audio.c:450:13:BSP_AUDIO_OUT_ClockConfig	48	static
stm32f4_discovery_audio.c:487:13:BSP_AUDIO_OUT_MspInit	56	static
stm32f4_discovery_audio.c:555:13:BSP_AUDIO_OUT_MspDeInit	40	static
stm32f4_discovery_audio.c:591:13:BSP_AUDIO_OUT_TransferComplete_CallBack	4	static
stm32f4_discovery_audio.c:597:13:BSP_AUDIO_OUT_HalfTransfer_CallBack	4	static
stm32f4_discovery_audio.c:603:13:BSP_AUDIO_OUT_Error_CallBack	4	static
stm32f4_discovery_audio.c:614:16:I2S3_Init	16	static
stm32f4_discovery_audio.c:652:9:BSP_AUDIO_IN_Init	24	static
stm32f4_discovery_audio.c:682:9:BSP_AUDIO_IN_Record	24	static
stm32f4_discovery_audio.c:698:9:BSP_AUDIO_IN_Stop	16	static
stm32f4_discovery_audio.c:714:9:BSP_AUDIO_IN_Pause	8	static
stm32f4_discovery_audio.c:726:9:BSP_AUDIO_IN_Resume	8	static
stm32f4_discovery_audio.c:740:9:BSP_AUDIO_IN_SetVolume	16	static
stm32f4_discovery_audio.c:754:9:BSP_AUDIO_IN_PDMToPCM	152	static
stm32f4_discovery_audio.c:788:6:HAL_I2S_RxCpltCallback	16	static
stm32f4_discovery_audio.c:797:6:HAL_I2S_RxHalfCpltCallback	16	static
stm32f4_discovery_audio.c:811:13:BSP_AUDIO_IN_ClockConfig	40	static
stm32f4_discovery_audio.c:842:13:BSP_AUDIO_IN_MspInit	56	static
stm32f4_discovery_audio.c:906:13:BSP_AUDIO_IN_MspDeInit	40	static
stm32f4_discovery_audio.c:936:13:BSP_AUDIO_IN_TransferComplete_CallBack	4	static
stm32f4_discovery_audio.c:945:13:BSP_AUDIO_IN_HalfTransfer_CallBack	4	static
stm32f4_discovery_audio.c:954:13:BSP_AUDIO_IN_Error_Callback	4	static
stm32f4_discovery_audio.c:970:13:PDMDecoder_Init	32	static
stm32f4_discovery_audio.c:1002:16:I2S2_Init	16	static
stm32f4_discovery_audio.c:1038:6:HAL_I2S_ErrorCallback	16	static
