stm32f4_discovery.c:156:10:BSP_GetVersion	4	static
stm32f4_discovery.c:170:6:BSP_LED_Init	56	static
stm32f4_discovery.c:197:6:BSP_LED_On	16	static
stm32f4_discovery.c:211:6:BSP_LED_Off	16	static
stm32f4_discovery.c:225:6:BSP_LED_Toggle	16	static
stm32f4_discovery.c:248:6:BSP_PB_Init	40	static
stm32f4_discovery.c:287:10:BSP_PB_GetState	16	static
stm32f4_discovery.c:309:13:SPIx_Init	8	static
stm32f4_discovery.c:338:16:SPIx_WriteRead	32	static
stm32f4_discovery.c:355:13:SPIx_Error	8	static
stm32f4_discovery.c:367:13:SPIx_MspInit	40	static
stm32f4_discovery.c:390:13:I2Cx_Init	8	static
stm32f4_discovery.c:414:13:I2Cx_WriteData	40	static
stm32f4_discovery.c:434:17:I2Cx_ReadData	40	static
stm32f4_discovery.c:454:13:I2Cx_Error	16	static
stm32f4_discovery.c:466:13:I2Cx_MspInit	40	static
stm32f4_discovery.c:508:6:ACCELERO_IO_Init	32	static
stm32f4_discovery.c:533:6:ACCELERO_IO_ITConfig	32	static
stm32f4_discovery.c:558:6:ACCELERO_IO_Write	16	static
stm32f4_discovery.c:592:6:ACCELERO_IO_Read	16	static
stm32f4_discovery.c:626:6:AUDIO_IO_Init	32	static
stm32f4_discovery.c:658:6:AUDIO_IO_DeInit	4	static
stm32f4_discovery.c:669:6:AUDIO_IO_Write	16	static
stm32f4_discovery.c:680:9:AUDIO_IO_Read	16	static
