cs43l22.c:133:10:cs43l22_Init	32	static
cs43l22.c:217:6:cs43l22_DeInit	8	static
cs43l22.c:228:10:cs43l22_ReadID	24	static
cs43l22.c:246:10:cs43l22_Play	24	static
cs43l22.c:272:10:cs43l22_Pause	24	static
cs43l22.c:291:10:cs43l22_Resume	24	static
cs43l22.c:319:10:cs43l22_Stop	24	static
cs43l22.c:344:10:cs43l22_SetVolume	24	static
cs43l22.c:371:10:cs43l22_SetFrequency	16	static
cs43l22.c:383:10:cs43l22_SetMute	24	static
cs43l22.c:412:10:cs43l22_SetOutputMode	24	static
cs43l22.c:451:10:cs43l22_Reset	16	static
cs43l22.c:463:16:CODEC_IO_Write	24	static
