main.c:175:6:AudioPreprocessing_Run	40	static
main.c:192:6:debug	16	static
main.c:197:6:toggle_leds	8	static
main.c:209:6:recognize_commands	16	static
main.c:296:5:main	21568	static
main.c:729:6:SystemClock_Config	88	static
main.c:773:13:MX_CRC_Init	8	static
main.c:798:13:MX_I2C1_Init	8	static
main.c:830:13:MX_I2S2_Init	8	static
main.c:862:13:MX_SPI1_Init	8	static
main.c:898:13:MX_USART2_UART_Init	8	static
main.c:927:13:MX_DMA_Init	16	static
main.c:944:13:MX_GPIO_Init	48	static
main.c:978:6:Preprocessing_Init	8	static
main.c:1051:6:HAL_GPIO_EXTI_Callback	16	static
main.c:1074:6:Error_Handler	4	static,ignoring_inline_asm
