main.c:181:6:AudioPreprocessing_Run	40	static
main.c:198:6:debug	16	static
main.c:203:6:toggle_leds	8	static
main.c:215:6:recognize_commands	24	static
main.c:356:5:main	21512	static
main.c:800:6:SystemClock_Config	88	static
main.c:844:13:MX_CRC_Init	8	static
main.c:869:13:MX_I2C1_Init	8	static
main.c:901:13:MX_I2S2_Init	8	static
main.c:933:13:MX_SPI1_Init	8	static
main.c:969:13:MX_USART2_UART_Init	8	static
main.c:998:13:MX_DMA_Init	16	static
main.c:1015:13:MX_GPIO_Init	48	static
main.c:1049:6:Preprocessing_Init	8	static
main.c:1122:6:HAL_GPIO_EXTI_Callback	16	static
main.c:1145:6:Error_Handler	4	static,ignoring_inline_asm
